<?xml version="1.0" encoding="UTF-8"?>
<TestRun id="dc01d1c4-da29-4127-be2f-03a07d5e9214" name="dp@DP-PC-N56 2013-09-12 20:17:52" runUser="dp-PC-N56\dp" xmlns="http://microsoft.com/schemas/VisualStudio/TeamTest/2010">
  <TestSettings name="本地" id="21fc5d89-9aa6-4b8d-942b-50b89e886d9f">
    <Description>这些设置为本地测试运行的默认测试设置。</Description>
    <Deployment enabled="false" runDeploymentRoot="dp_DP-PC-N56 2013-09-12 20_17_52">
      <DeploymentItem filename="E:\董平\工作\工具集\代码\DPNetFx4\DP\Lib\log4net.dll" />
      <DeploymentItem filename="E:\董平\工作\工具集\代码\DPNetFx4\DP\Lib\Ionic.Zip.dll" />
      <DeploymentItem filename="E:\董平\工作\工具集\代码\DPNetFx4\DP\Entity\DP.Entity.Entity\bin\Debug\DP.Entity.Entity.dll" />
      <DeploymentItem filename="E:\董平\工作\工具集\代码\DPNetFx4\DP\Lib\NPOI.dll" />
      <DeploymentItem filename="E:\董平\工作\工具集\代码\DPNetFx4\DP\Lib\Enyim.Caching.dll" />
      <DeploymentItem filename="E:\董平\工作\工具集\代码\DPNetFx4\DP\Core\DP\bin\Debug\DP.dll" />
      <DeploymentItem filename="E:\董平\工作\工具集\代码\DPNetFx4\DP\Lib\MemcachedProviders.dll" />
    </Deployment>
    <Execution>
      <TestTypeSpecific />
      <AgentRule name="Execution Agents">
      </AgentRule>
    </Execution>
  </TestSettings>
  <Times creation="2013-09-12T20:17:52.4814175+08:00" queuing="2013-09-12T20:17:56.1916298+08:00" start="2013-09-12T20:17:56.6826578+08:00" finish="2013-09-12T20:18:53.1888898+08:00" />
  <ResultSummary outcome="Error">
    <Counters total="22" executed="4" error="0" failed="3" timeout="0" aborted="1" inconclusive="0" passedButRunAborted="0" notRunnable="0" notExecuted="18" disconnected="0" warning="0" passed="0" completed="0" inProgress="0" pending="0" />
    <RunInfos>
      <RunInfo computerName="DP-PC-N56" outcome="Error" timestamp="2013-09-12T20:18:53.1848896+08:00">
        <Text>测试宿主进程意外退出。</Text>
      </RunInfo>
    </RunInfos>
  </ResultSummary>
  <TestDefinitions>
    <UnitTest name="UpdateTest1" storage="e:\董平\工作\工具集\代码\dpnetfx4\dp\test\testproject\bin\debug\testproject.dll" id="a1ee8851-f2b3-49f6-efb2-15027b463c47">
      <Execution id="08dfa88c-92f4-4d5d-bb07-e24ed85b2389" />
      <TestMethod codeBase="E:/董平/工作/工具集/代码/DPNetFx4/DP/Test/TestProject/bin/Debug/TestProject.DLL" adapterTypeName="Microsoft.VisualStudio.TestTools.TestTypes.Unit.UnitTestAdapter, Microsoft.VisualStudio.QualityTools.Tips.UnitTest.Adapter, Version=10.0.0.0, Culture=neutral, PublicKeyToken=b03f5f7f11d50a3a" className="TestProject.SqlServerDALTest, TestProject, Version=1.0.0.0, Culture=neutral, PublicKeyToken=null" name="UpdateTest1" />
    </UnitTest>
    <UnitTest name="IsExistFieldTest1" storage="e:\董平\工作\工具集\代码\dpnetfx4\dp\test\testproject\bin\debug\testproject.dll" id="b064bce8-0ede-7e51-5839-ea8217088d4f">
      <Execution id="cee963ab-27dc-406c-9ba7-a3f0f49490dd" />
      <TestMethod codeBase="E:/董平/工作/工具集/代码/DPNetFx4/DP/Test/TestProject/bin/Debug/TestProject.DLL" adapterTypeName="Microsoft.VisualStudio.TestTools.TestTypes.Unit.UnitTestAdapter, Microsoft.VisualStudio.QualityTools.Tips.UnitTest.Adapter, Version=10.0.0.0, Culture=neutral, PublicKeyToken=b03f5f7f11d50a3a" className="TestProject.SqlServerDALTest, TestProject, Version=1.0.0.0, Culture=neutral, PublicKeyToken=null" name="IsExistFieldTest1" />
    </UnitTest>
    <UnitTest name="IsExistTableTest" storage="e:\董平\工作\工具集\代码\dpnetfx4\dp\test\testproject\bin\debug\testproject.dll" id="8712f5df-cbd7-2157-d5ee-22cac4030abb">
      <Execution id="5c50145a-6b66-4983-ab85-daad74d9c402" />
      <TestMethod codeBase="E:/董平/工作/工具集/代码/DPNetFx4/DP/Test/TestProject/bin/Debug/TestProject.DLL" adapterTypeName="Microsoft.VisualStudio.TestTools.TestTypes.Unit.UnitTestAdapter, Microsoft.VisualStudio.QualityTools.Tips.UnitTest.Adapter, Version=10.0.0.0, Culture=neutral, PublicKeyToken=b03f5f7f11d50a3a" className="TestProject.SqlServerDALTest, TestProject, Version=1.0.0.0, Culture=neutral, PublicKeyToken=null" name="IsExistTableTest" />
    </UnitTest>
    <UnitTest name="IsExistViewTest" storage="e:\董平\工作\工具集\代码\dpnetfx4\dp\test\testproject\bin\debug\testproject.dll" id="c9d65a59-d922-f48c-9ed7-1f38308a8d26">
      <Execution id="2950c379-346a-484a-9e88-0de1ace7e07a" />
      <TestMethod codeBase="E:/董平/工作/工具集/代码/DPNetFx4/DP/Test/TestProject/bin/Debug/TestProject.DLL" adapterTypeName="Microsoft.VisualStudio.TestTools.TestTypes.Unit.UnitTestAdapter, Microsoft.VisualStudio.QualityTools.Tips.UnitTest.Adapter, Version=10.0.0.0, Culture=neutral, PublicKeyToken=b03f5f7f11d50a3a" className="TestProject.SqlServerDALTest, TestProject, Version=1.0.0.0, Culture=neutral, PublicKeyToken=null" name="IsExistViewTest" />
    </UnitTest>
    <UnitTest name="GetCountTest" storage="e:\董平\工作\工具集\代码\dpnetfx4\dp\test\testproject\bin\debug\testproject.dll" id="15b456cb-46fc-f542-4821-ad54f2dea22a">
      <Execution id="a10fae7a-fd08-4433-883e-e98285752ac6" />
      <TestMethod codeBase="E:/董平/工作/工具集/代码/DPNetFx4/DP/Test/TestProject/bin/Debug/TestProject.DLL" adapterTypeName="Microsoft.VisualStudio.TestTools.TestTypes.Unit.UnitTestAdapter, Microsoft.VisualStudio.QualityTools.Tips.UnitTest.Adapter, Version=10.0.0.0, Culture=neutral, PublicKeyToken=b03f5f7f11d50a3a" className="TestProject.SqlServerDALTest, TestProject, Version=1.0.0.0, Culture=neutral, PublicKeyToken=null" name="GetCountTest" />
    </UnitTest>
    <UnitTest name="GetViewListTest" storage="e:\董平\工作\工具集\代码\dpnetfx4\dp\test\testproject\bin\debug\testproject.dll" id="96e3e8b9-b2a6-9cc6-96c2-567fe8f4cc8d">
      <Execution id="e268f6fa-e7d5-4e77-ae14-b3141066e48e" />
      <TestMethod codeBase="E:/董平/工作/工具集/代码/DPNetFx4/DP/Test/TestProject/bin/Debug/TestProject.DLL" adapterTypeName="Microsoft.VisualStudio.TestTools.TestTypes.Unit.UnitTestAdapter, Microsoft.VisualStudio.QualityTools.Tips.UnitTest.Adapter, Version=10.0.0.0, Culture=neutral, PublicKeyToken=b03f5f7f11d50a3a" className="TestProject.SqlServerDALTest, TestProject, Version=1.0.0.0, Culture=neutral, PublicKeyToken=null" name="GetViewListTest" />
    </UnitTest>
    <UnitTest name="GetDataTableTest" storage="e:\董平\工作\工具集\代码\dpnetfx4\dp\test\testproject\bin\debug\testproject.dll" id="b27211a8-7ebe-d598-5651-21a9cf5d3e08">
      <Execution id="43e360df-6a29-45c2-9f06-aac9b60f02fc" />
      <TestMethod codeBase="E:/董平/工作/工具集/代码/DPNetFx4/DP/Test/TestProject/bin/Debug/TestProject.DLL" adapterTypeName="Microsoft.VisualStudio.TestTools.TestTypes.Unit.UnitTestAdapter, Microsoft.VisualStudio.QualityTools.Tips.UnitTest.Adapter, Version=10.0.0.0, Culture=neutral, PublicKeyToken=b03f5f7f11d50a3a" className="TestProject.SqlServerDALTest, TestProject, Version=1.0.0.0, Culture=neutral, PublicKeyToken=null" name="GetDataTableTest" />
    </UnitTest>
    <UnitTest name="GetDistinctCountTest" storage="e:\董平\工作\工具集\代码\dpnetfx4\dp\test\testproject\bin\debug\testproject.dll" id="51c3624f-9c95-30d9-5bdc-c70f94fea21e">
      <Execution id="f94a1901-e1e9-45b4-bd3b-127670b177c5" />
      <TestMethod codeBase="E:/董平/工作/工具集/代码/DPNetFx4/DP/Test/TestProject/bin/Debug/TestProject.DLL" adapterTypeName="Microsoft.VisualStudio.TestTools.TestTypes.Unit.UnitTestAdapter, Microsoft.VisualStudio.QualityTools.Tips.UnitTest.Adapter, Version=10.0.0.0, Culture=neutral, PublicKeyToken=b03f5f7f11d50a3a" className="TestProject.SqlServerDALTest, TestProject, Version=1.0.0.0, Culture=neutral, PublicKeyToken=null" name="GetDistinctCountTest" />
    </UnitTest>
    <UnitTest name="GetMinValueTest" storage="e:\董平\工作\工具集\代码\dpnetfx4\dp\test\testproject\bin\debug\testproject.dll" id="212d815c-8868-4c43-9497-bb867c3481b7">
      <Execution id="ae030c44-6521-4762-a2f9-9694b90ff1f9" />
      <TestMethod codeBase="E:/董平/工作/工具集/代码/DPNetFx4/DP/Test/TestProject/bin/Debug/TestProject.DLL" adapterTypeName="Microsoft.VisualStudio.TestTools.TestTypes.Unit.UnitTestAdapter, Microsoft.VisualStudio.QualityTools.Tips.UnitTest.Adapter, Version=10.0.0.0, Culture=neutral, PublicKeyToken=b03f5f7f11d50a3a" className="TestProject.SqlServerDALTest, TestProject, Version=1.0.0.0, Culture=neutral, PublicKeyToken=null" name="GetMinValueTest" />
    </UnitTest>
    <UnitTest name="IsExistTableTest1" storage="e:\董平\工作\工具集\代码\dpnetfx4\dp\test\testproject\bin\debug\testproject.dll" id="71d925c9-4e9a-149b-539b-4baeb34315dd">
      <Execution id="dbcf18a9-f587-418a-bd22-3da96cd69122" />
      <TestMethod codeBase="E:/董平/工作/工具集/代码/DPNetFx4/DP/Test/TestProject/bin/Debug/TestProject.DLL" adapterTypeName="Microsoft.VisualStudio.TestTools.TestTypes.Unit.UnitTestAdapter, Microsoft.VisualStudio.QualityTools.Tips.UnitTest.Adapter, Version=10.0.0.0, Culture=neutral, PublicKeyToken=b03f5f7f11d50a3a" className="TestProject.SqlServerDALTest, TestProject, Version=1.0.0.0, Culture=neutral, PublicKeyToken=null" name="IsExistTableTest1" />
    </UnitTest>
    <UnitTest name="IsExistTest" storage="e:\董平\工作\工具集\代码\dpnetfx4\dp\test\testproject\bin\debug\testproject.dll" id="1a7096c0-55ce-f7b5-1ff3-55d131ccd438">
      <Execution id="08a90aae-db67-4429-9ec0-79a0b50ee694" />
      <TestMethod codeBase="E:/董平/工作/工具集/代码/DPNetFx4/DP/Test/TestProject/bin/Debug/TestProject.DLL" adapterTypeName="Microsoft.VisualStudio.TestTools.TestTypes.Unit.UnitTestAdapter, Microsoft.VisualStudio.QualityTools.Tips.UnitTest.Adapter, Version=10.0.0.0, Culture=neutral, PublicKeyToken=b03f5f7f11d50a3a" className="TestProject.SqlServerDALTest, TestProject, Version=1.0.0.0, Culture=neutral, PublicKeyToken=null" name="IsExistTest" />
    </UnitTest>
    <UnitTest name="DeleteTest" storage="e:\董平\工作\工具集\代码\dpnetfx4\dp\test\testproject\bin\debug\testproject.dll" id="dc9aab4e-d568-ed24-6d6d-4fd886c3c107">
      <Execution id="3f7aedda-b6b5-4753-9306-5090941179f3" />
      <TestMethod codeBase="E:/董平/工作/工具集/代码/DPNetFx4/DP/Test/TestProject/bin/Debug/TestProject.DLL" adapterTypeName="Microsoft.VisualStudio.TestTools.TestTypes.Unit.UnitTestAdapter, Microsoft.VisualStudio.QualityTools.Tips.UnitTest.Adapter, Version=10.0.0.0, Culture=neutral, PublicKeyToken=b03f5f7f11d50a3a" className="TestProject.SqlServerDALTest, TestProject, Version=1.0.0.0, Culture=neutral, PublicKeyToken=null" name="DeleteTest" />
    </UnitTest>
    <UnitTest name="UpdateTest" storage="e:\董平\工作\工具集\代码\dpnetfx4\dp\test\testproject\bin\debug\testproject.dll" id="61e2c5a5-927c-4724-8639-f2a8f85faf8b">
      <Execution id="c77a0f69-8abf-4ce9-b152-2d863652f566" />
      <TestMethod codeBase="E:/董平/工作/工具集/代码/DPNetFx4/DP/Test/TestProject/bin/Debug/TestProject.DLL" adapterTypeName="Microsoft.VisualStudio.TestTools.TestTypes.Unit.UnitTestAdapter, Microsoft.VisualStudio.QualityTools.Tips.UnitTest.Adapter, Version=10.0.0.0, Culture=neutral, PublicKeyToken=b03f5f7f11d50a3a" className="TestProject.SqlServerDALTest, TestProject, Version=1.0.0.0, Culture=neutral, PublicKeyToken=null" name="UpdateTest" />
    </UnitTest>
    <UnitTest name="GetEntityTest" storage="e:\董平\工作\工具集\代码\dpnetfx4\dp\test\testproject\bin\debug\testproject.dll" id="636f92af-068b-04a1-1773-3cb926b2ff91">
      <Execution id="00f8fa94-eee9-4756-859e-373960bc5e86" />
      <TestMethod codeBase="E:/董平/工作/工具集/代码/DPNetFx4/DP/Test/TestProject/bin/Debug/TestProject.DLL" adapterTypeName="Microsoft.VisualStudio.TestTools.TestTypes.Unit.UnitTestAdapter, Microsoft.VisualStudio.QualityTools.Tips.UnitTest.Adapter, Version=10.0.0.0, Culture=neutral, PublicKeyToken=b03f5f7f11d50a3a" className="TestProject.SqlServerDALTest, TestProject, Version=1.0.0.0, Culture=neutral, PublicKeyToken=null" name="GetEntityTest" />
    </UnitTest>
    <UnitTest name="TestMethod1" storage="e:\董平\工作\工具集\代码\dpnetfx4\dp\test\testproject\bin\debug\testproject.dll" id="24e109b5-ebac-7154-c0d0-91db5c99399f">
      <Execution id="ddd6e3ef-9ed5-4cc2-92c3-211af667444b" />
      <TestMethod codeBase="E:/董平/工作/工具集/代码/DPNetFx4/DP/Test/TestProject/bin/Debug/TestProject.DLL" adapterTypeName="Microsoft.VisualStudio.TestTools.TestTypes.Unit.UnitTestAdapter, Microsoft.VisualStudio.QualityTools.Tips.UnitTest.Adapter, Version=10.0.0.0, Culture=neutral, PublicKeyToken=b03f5f7f11d50a3a" className="TestProject.UnitTest1, TestProject, Version=1.0.0.0, Culture=neutral, PublicKeyToken=null" name="TestMethod1" />
    </UnitTest>
    <UnitTest name="IsExistViewTest1" storage="e:\董平\工作\工具集\代码\dpnetfx4\dp\test\testproject\bin\debug\testproject.dll" id="f1511530-148b-6881-fa5c-3ad97baa06a8">
      <Execution id="a5bd672b-c970-4577-9e1e-333d324a3ddc" />
      <TestMethod codeBase="E:/董平/工作/工具集/代码/DPNetFx4/DP/Test/TestProject/bin/Debug/TestProject.DLL" adapterTypeName="Microsoft.VisualStudio.TestTools.TestTypes.Unit.UnitTestAdapter, Microsoft.VisualStudio.QualityTools.Tips.UnitTest.Adapter, Version=10.0.0.0, Culture=neutral, PublicKeyToken=b03f5f7f11d50a3a" className="TestProject.SqlServerDALTest, TestProject, Version=1.0.0.0, Culture=neutral, PublicKeyToken=null" name="IsExistViewTest1" />
    </UnitTest>
    <UnitTest name="GetFieldListTest" storage="e:\董平\工作\工具集\代码\dpnetfx4\dp\test\testproject\bin\debug\testproject.dll" id="555a8f94-e444-db0f-93c7-bd30ab17faac">
      <Execution id="16c76daf-bf52-4e8c-b1aa-834f06d0a5ad" />
      <TestMethod codeBase="E:/董平/工作/工具集/代码/DPNetFx4/DP/Test/TestProject/bin/Debug/TestProject.DLL" adapterTypeName="Microsoft.VisualStudio.TestTools.TestTypes.Unit.UnitTestAdapter, Microsoft.VisualStudio.QualityTools.Tips.UnitTest.Adapter, Version=10.0.0.0, Culture=neutral, PublicKeyToken=b03f5f7f11d50a3a" className="TestProject.SqlServerDALTest, TestProject, Version=1.0.0.0, Culture=neutral, PublicKeyToken=null" name="GetFieldListTest" />
    </UnitTest>
    <UnitTest name="InsertTest" storage="e:\董平\工作\工具集\代码\dpnetfx4\dp\test\testproject\bin\debug\testproject.dll" id="9e9ccbac-2dd4-3963-ed27-5e3f07d10819">
      <Execution id="7281f7c0-0e16-4f0e-a042-4b41fe925196" />
      <TestMethod codeBase="E:/董平/工作/工具集/代码/DPNetFx4/DP/Test/TestProject/bin/Debug/TestProject.DLL" adapterTypeName="Microsoft.VisualStudio.TestTools.TestTypes.Unit.UnitTestAdapter, Microsoft.VisualStudio.QualityTools.Tips.UnitTest.Adapter, Version=10.0.0.0, Culture=neutral, PublicKeyToken=b03f5f7f11d50a3a" className="TestProject.SqlServerDALTest, TestProject, Version=1.0.0.0, Culture=neutral, PublicKeyToken=null" name="InsertTest" />
    </UnitTest>
    <UnitTest name="GetTableListTest" storage="e:\董平\工作\工具集\代码\dpnetfx4\dp\test\testproject\bin\debug\testproject.dll" id="12f8b98d-eeaa-d6fe-52d7-706164283ca8">
      <Execution id="54c66753-b537-44cf-82be-831a39d4dec2" />
      <TestMethod codeBase="E:/董平/工作/工具集/代码/DPNetFx4/DP/Test/TestProject/bin/Debug/TestProject.DLL" adapterTypeName="Microsoft.VisualStudio.TestTools.TestTypes.Unit.UnitTestAdapter, Microsoft.VisualStudio.QualityTools.Tips.UnitTest.Adapter, Version=10.0.0.0, Culture=neutral, PublicKeyToken=b03f5f7f11d50a3a" className="TestProject.SqlServerDALTest, TestProject, Version=1.0.0.0, Culture=neutral, PublicKeyToken=null" name="GetTableListTest" />
    </UnitTest>
    <UnitTest name="GetListTest" storage="e:\董平\工作\工具集\代码\dpnetfx4\dp\test\testproject\bin\debug\testproject.dll" id="9f5f7ff3-0c0d-18e7-8b40-cb5db6f7902b">
      <Execution id="a2e19543-3cdb-48d5-a6b4-6036ece81416" />
      <TestMethod codeBase="E:/董平/工作/工具集/代码/DPNetFx4/DP/Test/TestProject/bin/Debug/TestProject.DLL" adapterTypeName="Microsoft.VisualStudio.TestTools.TestTypes.Unit.UnitTestAdapter, Microsoft.VisualStudio.QualityTools.Tips.UnitTest.Adapter, Version=10.0.0.0, Culture=neutral, PublicKeyToken=b03f5f7f11d50a3a" className="TestProject.SqlServerDALTest, TestProject, Version=1.0.0.0, Culture=neutral, PublicKeyToken=null" name="GetListTest" />
    </UnitTest>
    <UnitTest name="GetMaxValueTest" storage="e:\董平\工作\工具集\代码\dpnetfx4\dp\test\testproject\bin\debug\testproject.dll" id="629a0a99-5f86-bbdd-8bb9-f4080a1c922e">
      <Execution id="2ffc13dc-e6a7-463d-aace-b5a9c2b1dc31" />
      <TestMethod codeBase="E:/董平/工作/工具集/代码/DPNetFx4/DP/Test/TestProject/bin/Debug/TestProject.DLL" adapterTypeName="Microsoft.VisualStudio.TestTools.TestTypes.Unit.UnitTestAdapter, Microsoft.VisualStudio.QualityTools.Tips.UnitTest.Adapter, Version=10.0.0.0, Culture=neutral, PublicKeyToken=b03f5f7f11d50a3a" className="TestProject.SqlServerDALTest, TestProject, Version=1.0.0.0, Culture=neutral, PublicKeyToken=null" name="GetMaxValueTest" />
    </UnitTest>
    <UnitTest name="IsExistFieldTest" storage="e:\董平\工作\工具集\代码\dpnetfx4\dp\test\testproject\bin\debug\testproject.dll" id="ad3e3426-c31f-37a5-b583-028f004957a5">
      <Execution id="b3b9e270-b6fc-49f0-9e2b-5db9aaf7d7ec" />
      <TestMethod codeBase="E:/董平/工作/工具集/代码/DPNetFx4/DP/Test/TestProject/bin/Debug/TestProject.DLL" adapterTypeName="Microsoft.VisualStudio.TestTools.TestTypes.Unit.UnitTestAdapter, Microsoft.VisualStudio.QualityTools.Tips.UnitTest.Adapter, Version=10.0.0.0, Culture=neutral, PublicKeyToken=b03f5f7f11d50a3a" className="TestProject.SqlServerDALTest, TestProject, Version=1.0.0.0, Culture=neutral, PublicKeyToken=null" name="IsExistFieldTest" />
    </UnitTest>
  </TestDefinitions>
  <TestLists>
    <TestList name="列表中未列出的结果" id="8c84fa94-04c1-424b-9868-57a2d4851a1d" />
    <TestList name="所有已加载的结果" id="19431567-8539-422a-85d7-44ee4e166bda" />
  </TestLists>
  <TestEntries>
    <TestEntry testId="dc9aab4e-d568-ed24-6d6d-4fd886c3c107" executionId="3f7aedda-b6b5-4753-9306-5090941179f3" testListId="8c84fa94-04c1-424b-9868-57a2d4851a1d" />
    <TestEntry testId="15b456cb-46fc-f542-4821-ad54f2dea22a" executionId="a10fae7a-fd08-4433-883e-e98285752ac6" testListId="8c84fa94-04c1-424b-9868-57a2d4851a1d" />
    <TestEntry testId="b27211a8-7ebe-d598-5651-21a9cf5d3e08" executionId="43e360df-6a29-45c2-9f06-aac9b60f02fc" testListId="8c84fa94-04c1-424b-9868-57a2d4851a1d" />
    <TestEntry testId="51c3624f-9c95-30d9-5bdc-c70f94fea21e" executionId="f94a1901-e1e9-45b4-bd3b-127670b177c5" testListId="8c84fa94-04c1-424b-9868-57a2d4851a1d" />
    <TestEntry testId="636f92af-068b-04a1-1773-3cb926b2ff91" executionId="00f8fa94-eee9-4756-859e-373960bc5e86" testListId="8c84fa94-04c1-424b-9868-57a2d4851a1d" />
    <TestEntry testId="555a8f94-e444-db0f-93c7-bd30ab17faac" executionId="16c76daf-bf52-4e8c-b1aa-834f06d0a5ad" testListId="8c84fa94-04c1-424b-9868-57a2d4851a1d" />
    <TestEntry testId="9f5f7ff3-0c0d-18e7-8b40-cb5db6f7902b" executionId="a2e19543-3cdb-48d5-a6b4-6036ece81416" testListId="8c84fa94-04c1-424b-9868-57a2d4851a1d" />
    <TestEntry testId="629a0a99-5f86-bbdd-8bb9-f4080a1c922e" executionId="2ffc13dc-e6a7-463d-aace-b5a9c2b1dc31" testListId="8c84fa94-04c1-424b-9868-57a2d4851a1d" />
    <TestEntry testId="212d815c-8868-4c43-9497-bb867c3481b7" executionId="ae030c44-6521-4762-a2f9-9694b90ff1f9" testListId="8c84fa94-04c1-424b-9868-57a2d4851a1d" />
    <TestEntry testId="12f8b98d-eeaa-d6fe-52d7-706164283ca8" executionId="54c66753-b537-44cf-82be-831a39d4dec2" testListId="8c84fa94-04c1-424b-9868-57a2d4851a1d" />
    <TestEntry testId="96e3e8b9-b2a6-9cc6-96c2-567fe8f4cc8d" executionId="e268f6fa-e7d5-4e77-ae14-b3141066e48e" testListId="8c84fa94-04c1-424b-9868-57a2d4851a1d" />
    <TestEntry testId="9e9ccbac-2dd4-3963-ed27-5e3f07d10819" executionId="7281f7c0-0e16-4f0e-a042-4b41fe925196" testListId="8c84fa94-04c1-424b-9868-57a2d4851a1d" />
    <TestEntry testId="1a7096c0-55ce-f7b5-1ff3-55d131ccd438" executionId="08a90aae-db67-4429-9ec0-79a0b50ee694" testListId="8c84fa94-04c1-424b-9868-57a2d4851a1d" />
    <TestEntry testId="ad3e3426-c31f-37a5-b583-028f004957a5" executionId="b3b9e270-b6fc-49f0-9e2b-5db9aaf7d7ec" testListId="8c84fa94-04c1-424b-9868-57a2d4851a1d" />
    <TestEntry testId="b064bce8-0ede-7e51-5839-ea8217088d4f" executionId="cee963ab-27dc-406c-9ba7-a3f0f49490dd" testListId="8c84fa94-04c1-424b-9868-57a2d4851a1d" />
    <TestEntry testId="8712f5df-cbd7-2157-d5ee-22cac4030abb" executionId="5c50145a-6b66-4983-ab85-daad74d9c402" testListId="8c84fa94-04c1-424b-9868-57a2d4851a1d" />
    <TestEntry testId="71d925c9-4e9a-149b-539b-4baeb34315dd" executionId="dbcf18a9-f587-418a-bd22-3da96cd69122" testListId="8c84fa94-04c1-424b-9868-57a2d4851a1d" />
    <TestEntry testId="c9d65a59-d922-f48c-9ed7-1f38308a8d26" executionId="2950c379-346a-484a-9e88-0de1ace7e07a" testListId="8c84fa94-04c1-424b-9868-57a2d4851a1d" />
    <TestEntry testId="f1511530-148b-6881-fa5c-3ad97baa06a8" executionId="a5bd672b-c970-4577-9e1e-333d324a3ddc" testListId="8c84fa94-04c1-424b-9868-57a2d4851a1d" />
    <TestEntry testId="61e2c5a5-927c-4724-8639-f2a8f85faf8b" executionId="c77a0f69-8abf-4ce9-b152-2d863652f566" testListId="8c84fa94-04c1-424b-9868-57a2d4851a1d" />
    <TestEntry testId="a1ee8851-f2b3-49f6-efb2-15027b463c47" executionId="08dfa88c-92f4-4d5d-bb07-e24ed85b2389" testListId="8c84fa94-04c1-424b-9868-57a2d4851a1d" />
    <TestEntry testId="24e109b5-ebac-7154-c0d0-91db5c99399f" executionId="ddd6e3ef-9ed5-4cc2-92c3-211af667444b" testListId="8c84fa94-04c1-424b-9868-57a2d4851a1d" />
  </TestEntries>
  <Results>
    <UnitTestResult executionId="3f7aedda-b6b5-4753-9306-5090941179f3" testId="dc9aab4e-d568-ed24-6d6d-4fd886c3c107" testName="DeleteTest" computerName="DP-PC-N56" duration="00:00:22.9356499" startTime="2013-09-12T20:17:57.2466901+08:00" endTime="2013-09-12T20:18:26.5373654+08:00" testType="13cdc9d9-ddb5-4fa4-a97d-d965ccfc6d4b" outcome="Failed" testListId="8c84fa94-04c1-424b-9868-57a2d4851a1d" relativeResultsDirectory="3f7aedda-b6b5-4753-9306-5090941179f3">
      <Output>
        <ErrorInfo>
          <Message>测试方法 TestProject.SqlServerDALTest.DeleteTest 引发了异常: 
System.Data.SqlClient.SqlException: 在与 SQL Server 建立连接时出现与网络相关的或特定于实例的错误。未找到或无法访问服务器。请验证实例名称是否正确并且 SQL Server 已配置为允许远程连接。 (provider: Named Pipes Provider, error: 40 - 无法打开到 SQL Server 的连接) ---&gt; System.ComponentModel.Win32Exception: 系统找不到指定的文件。</Message>
          <StackTrace> 
 --- 内部异常堆栈跟踪的末尾 ---
    在 System.Data.SqlClient.SqlInternalConnection.OnError(SqlException exception, Boolean breakConnection, Action`1 wrapCloseInAction)
   在 System.Data.SqlClient.TdsParser.ThrowExceptionAndWarning(TdsParserStateObject stateObj, Boolean callerHasConnectionLock, Boolean asyncClose)
   在 System.Data.SqlClient.TdsParser.Connect(ServerInfo serverInfo, SqlInternalConnectionTds connHandler, Boolean ignoreSniOpenTimeout, Int64 timerExpire, Boolean encrypt, Boolean trustServerCert, Boolean integratedSecurity, Boolean withFailover)
   在 System.Data.SqlClient.SqlInternalConnectionTds.AttemptOneLogin(ServerInfo serverInfo, String newPassword, SecureString newSecurePassword, Boolean ignoreSniOpenTimeout, TimeoutTimer timeout, Boolean withFailover)
   在 System.Data.SqlClient.SqlInternalConnectionTds.LoginNoFailover(ServerInfo serverInfo, String newPassword, SecureString newSecurePassword, Boolean redirectedUserInstance, SqlConnectionString connectionOptions, SqlCredential credential, TimeoutTimer timeout)
   在 System.Data.SqlClient.SqlInternalConnectionTds.OpenLoginEnlist(TimeoutTimer timeout, SqlConnectionString connectionOptions, SqlCredential credential, String newPassword, SecureString newSecurePassword, Boolean redirectedUserInstance)
   在 System.Data.SqlClient.SqlInternalConnectionTds..ctor(DbConnectionPoolIdentity identity, SqlConnectionString connectionOptions, SqlCredential credential, Object providerInfo, String newPassword, SecureString newSecurePassword, Boolean redirectedUserInstance, SqlConnectionString userConnectionOptions)
   在 System.Data.SqlClient.SqlConnectionFactory.CreateConnection(DbConnectionOptions options, DbConnectionPoolKey poolKey, Object poolGroupProviderInfo, DbConnectionPool pool, DbConnection owningConnection, DbConnectionOptions userOptions)
   在 System.Data.ProviderBase.DbConnectionFactory.CreatePooledConnection(DbConnectionPool pool, DbConnectionOptions options, DbConnectionPoolKey poolKey, DbConnectionOptions userOptions)
   在 System.Data.ProviderBase.DbConnectionPool.CreateObject(DbConnectionOptions userOptions)
   在 System.Data.ProviderBase.DbConnectionPool.UserCreateRequest(DbConnectionOptions userOptions)
   在 System.Data.ProviderBase.DbConnectionPool.TryGetConnection(DbConnection owningObject, UInt32 waitForMultipleObjectsTimeout, Boolean allowCreate, Boolean onlyOneCheckConnection, DbConnectionOptions userOptions, DbConnectionInternal&amp; connection)
   在 System.Data.ProviderBase.DbConnectionPool.TryGetConnection(DbConnection owningObject, TaskCompletionSource`1 retry, DbConnectionOptions userOptions, DbConnectionInternal&amp; connection)
   在 System.Data.ProviderBase.DbConnectionFactory.TryGetConnection(DbConnection owningConnection, TaskCompletionSource`1 retry, DbConnectionOptions userOptions, DbConnectionInternal&amp; connection)
   在 System.Data.ProviderBase.DbConnectionClosed.TryOpenConnection(DbConnection outerConnection, DbConnectionFactory connectionFactory, TaskCompletionSource`1 retry, DbConnectionOptions userOptions)
   在 System.Data.SqlClient.SqlConnection.TryOpen(TaskCompletionSource`1 retry)
   在 System.Data.SqlClient.SqlConnection.Open()
   在 DP.Data.SqlClient.SqlHelper.PrepareCommand(SqlCommand cmd, SqlConnection conn, SqlTransaction trans, CommandType cmdType, String cmdText, DbParameter[] cmdParms) 位置 E:\董平\工作\工具集\代码\DPNetFx4\DP\Core\DP\Data\SqlClient\SqlHelper.cs:行号 899
   在 DP.Data.SqlClient.SqlHelper.ExecuteNonQuery(String connectionString, CommandType cmdType, String cmdText, DbParameter[] commandParameters) 位置 E:\董平\工作\工具集\代码\DPNetFx4\DP\Core\DP\Data\SqlClient\SqlHelper.cs:行号 317
   在 DP.Data.SqlClient.SqlServerDAL.Delete[T](T obj, String tableName) 位置 E:\董平\工作\工具集\代码\DPNetFx4\DP\Core\DP\Data\SqlClient\SqlServerDAL.cs:行号 994
   在 DP.Data.SqlClient.SqlServerDAL.Delete[T](T obj) 位置 E:\董平\工作\工具集\代码\DPNetFx4\DP\Core\DP\Data\SqlClient\SqlServerDAL.cs:行号 938
   在 TestProject.SqlServerDALTest.DeleteTestHelper[T]() 位置 E:\董平\工作\工具集\代码\DPNetFx4\DP\Test\TestProject\SqlServerDALTest.cs:行号 82
   在 TestProject.SqlServerDALTest.DeleteTest() 位置 E:\董平\工作\工具集\代码\DPNetFx4\DP\Test\TestProject\SqlServerDALTest.cs:行号 90
</StackTrace>
        </ErrorInfo>
      </Output>
    </UnitTestResult>
    <UnitTestResult executionId="a10fae7a-fd08-4433-883e-e98285752ac6" testId="15b456cb-46fc-f542-4821-ad54f2dea22a" testName="GetCountTest" computerName="DP-PC-N56" duration="00:00:01.5642209" startTime="2013-09-12T20:18:26.5693673+08:00" endTime="2013-09-12T20:18:28.1954603+08:00" testType="13cdc9d9-ddb5-4fa4-a97d-d965ccfc6d4b" outcome="Failed" testListId="8c84fa94-04c1-424b-9868-57a2d4851a1d" relativeResultsDirectory="a10fae7a-fd08-4433-883e-e98285752ac6">
      <Output>
        <ErrorInfo>
          <Message>测试方法 TestProject.SqlServerDALTest.GetCountTest 引发了异常: 
System.Data.SqlClient.SqlException: 在与 SQL Server 建立连接时出现与网络相关的或特定于实例的错误。未找到或无法访问服务器。请验证实例名称是否正确并且 SQL Server 已配置为允许远程连接。 (provider: Named Pipes Provider, error: 40 - 无法打开到 SQL Server 的连接) ---&gt; System.ComponentModel.Win32Exception: 系统找不到指定的文件。</Message>
          <StackTrace> 
 --- 内部异常堆栈跟踪的末尾 ---
    在 System.Data.ProviderBase.DbConnectionPool.TryGetConnection(DbConnection owningObject, UInt32 waitForMultipleObjectsTimeout, Boolean allowCreate, Boolean onlyOneCheckConnection, DbConnectionOptions userOptions, DbConnectionInternal&amp; connection)
   在 System.Data.ProviderBase.DbConnectionPool.TryGetConnection(DbConnection owningObject, TaskCompletionSource`1 retry, DbConnectionOptions userOptions, DbConnectionInternal&amp; connection)
   在 System.Data.ProviderBase.DbConnectionFactory.TryGetConnection(DbConnection owningConnection, TaskCompletionSource`1 retry, DbConnectionOptions userOptions, DbConnectionInternal&amp; connection)
   在 System.Data.ProviderBase.DbConnectionClosed.TryOpenConnection(DbConnection outerConnection, DbConnectionFactory connectionFactory, TaskCompletionSource`1 retry, DbConnectionOptions userOptions)
   在 System.Data.SqlClient.SqlConnection.TryOpen(TaskCompletionSource`1 retry)
   在 System.Data.SqlClient.SqlConnection.Open()
   在 DP.Data.SqlClient.SqlHelper.ExecuteScalar(String connectionString, CommandType cmdType, String cmdText, DbParameter[] commandParameters) 位置 E:\董平\工作\工具集\代码\DPNetFx4\DP\Core\DP\Data\SqlClient\SqlHelper.cs:行号 764
   在 DP.Data.SqlClient.SqlServerDAL.GetCount(Query query, String connectionString) 位置 E:\董平\工作\工具集\代码\DPNetFx4\DP\Core\DP\Data\SqlClient\SqlServerDAL.cs:行号 1638
   在 DP.Data.SqlClient.SqlServerDAL.GetCount[T](Query query) 位置 E:\董平\工作\工具集\代码\DPNetFx4\DP\Core\DP\Data\SqlClient\SqlServerDAL.cs:行号 1655
   在 TestProject.SqlServerDALTest.GetCountTestHelper[T]() 位置 E:\董平\工作\工具集\代码\DPNetFx4\DP\Test\TestProject\SqlServerDALTest.cs:行号 105
   在 TestProject.SqlServerDALTest.GetCountTest() 位置 E:\董平\工作\工具集\代码\DPNetFx4\DP\Test\TestProject\SqlServerDALTest.cs:行号 113
</StackTrace>
        </ErrorInfo>
      </Output>
    </UnitTestResult>
    <UnitTestResult executionId="43e360df-6a29-45c2-9f06-aac9b60f02fc" testId="b27211a8-7ebe-d598-5651-21a9cf5d3e08" testName="GetDataTableTest" computerName="DP-PC-N56" duration="00:00:20.9287556" startTime="2013-09-12T20:18:28.2694645+08:00" endTime="2013-09-12T20:18:49.2476644+08:00" testType="13cdc9d9-ddb5-4fa4-a97d-d965ccfc6d4b" outcome="Failed" testListId="8c84fa94-04c1-424b-9868-57a2d4851a1d" relativeResultsDirectory="43e360df-6a29-45c2-9f06-aac9b60f02fc">
      <Output>
        <ErrorInfo>
          <Message>测试方法 TestProject.SqlServerDALTest.GetDataTableTest 引发了异常: 
System.Data.SqlClient.SqlException: 在与 SQL Server 建立连接时出现与网络相关的或特定于实例的错误。未找到或无法访问服务器。请验证实例名称是否正确并且 SQL Server 已配置为允许远程连接。 (provider: Named Pipes Provider, error: 40 - 无法打开到 SQL Server 的连接) ---&gt; System.ComponentModel.Win32Exception: 系统找不到指定的文件。</Message>
          <StackTrace> 
 --- 内部异常堆栈跟踪的末尾 ---
    在 System.Data.SqlClient.SqlInternalConnection.OnError(SqlException exception, Boolean breakConnection, Action`1 wrapCloseInAction)
   在 System.Data.SqlClient.TdsParser.ThrowExceptionAndWarning(TdsParserStateObject stateObj, Boolean callerHasConnectionLock, Boolean asyncClose)
   在 System.Data.SqlClient.TdsParser.Connect(ServerInfo serverInfo, SqlInternalConnectionTds connHandler, Boolean ignoreSniOpenTimeout, Int64 timerExpire, Boolean encrypt, Boolean trustServerCert, Boolean integratedSecurity, Boolean withFailover)
   在 System.Data.SqlClient.SqlInternalConnectionTds.AttemptOneLogin(ServerInfo serverInfo, String newPassword, SecureString newSecurePassword, Boolean ignoreSniOpenTimeout, TimeoutTimer timeout, Boolean withFailover)
   在 System.Data.SqlClient.SqlInternalConnectionTds.LoginNoFailover(ServerInfo serverInfo, String newPassword, SecureString newSecurePassword, Boolean redirectedUserInstance, SqlConnectionString connectionOptions, SqlCredential credential, TimeoutTimer timeout)
   在 System.Data.SqlClient.SqlInternalConnectionTds.OpenLoginEnlist(TimeoutTimer timeout, SqlConnectionString connectionOptions, SqlCredential credential, String newPassword, SecureString newSecurePassword, Boolean redirectedUserInstance)
   在 System.Data.SqlClient.SqlInternalConnectionTds..ctor(DbConnectionPoolIdentity identity, SqlConnectionString connectionOptions, SqlCredential credential, Object providerInfo, String newPassword, SecureString newSecurePassword, Boolean redirectedUserInstance, SqlConnectionString userConnectionOptions)
   在 System.Data.SqlClient.SqlConnectionFactory.CreateConnection(DbConnectionOptions options, DbConnectionPoolKey poolKey, Object poolGroupProviderInfo, DbConnectionPool pool, DbConnection owningConnection, DbConnectionOptions userOptions)
   在 System.Data.ProviderBase.DbConnectionFactory.CreatePooledConnection(DbConnectionPool pool, DbConnectionOptions options, DbConnectionPoolKey poolKey, DbConnectionOptions userOptions)
   在 System.Data.ProviderBase.DbConnectionPool.CreateObject(DbConnectionOptions userOptions)
   在 System.Data.ProviderBase.DbConnectionPool.UserCreateRequest(DbConnectionOptions userOptions)
   在 System.Data.ProviderBase.DbConnectionPool.TryGetConnection(DbConnection owningObject, UInt32 waitForMultipleObjectsTimeout, Boolean allowCreate, Boolean onlyOneCheckConnection, DbConnectionOptions userOptions, DbConnectionInternal&amp; connection)
   在 System.Data.ProviderBase.DbConnectionPool.TryGetConnection(DbConnection owningObject, TaskCompletionSource`1 retry, DbConnectionOptions userOptions, DbConnectionInternal&amp; connection)
   在 System.Data.ProviderBase.DbConnectionFactory.TryGetConnection(DbConnection owningConnection, TaskCompletionSource`1 retry, DbConnectionOptions userOptions, DbConnectionInternal&amp; connection)
   在 System.Data.ProviderBase.DbConnectionClosed.TryOpenConnection(DbConnection outerConnection, DbConnectionFactory connectionFactory, TaskCompletionSource`1 retry, DbConnectionOptions userOptions)
   在 System.Data.SqlClient.SqlConnection.TryOpen(TaskCompletionSource`1 retry)
   在 System.Data.SqlClient.SqlConnection.Open()
   在 DP.Data.SqlClient.SqlHelper.PrepareCommand(SqlCommand cmd, SqlConnection conn, SqlTransaction trans, CommandType cmdType, String cmdText, DbParameter[] cmdParms) 位置 E:\董平\工作\工具集\代码\DPNetFx4\DP\Core\DP\Data\SqlClient\SqlHelper.cs:行号 899
   在 DP.Data.SqlClient.SqlHelper.ExecuteDataAdapter(String connectionString, CommandType cmdType, String cmdText, DbParameter[] commandParameters) 位置 E:\董平\工作\工具集\代码\DPNetFx4\DP\Core\DP\Data\SqlClient\SqlHelper.cs:行号 652
   在 DP.Data.SqlClient.SqlServerDAL.GetDataTable[T](Query query) 位置 E:\董平\工作\工具集\代码\DPNetFx4\DP\Core\DP\Data\SqlClient\SqlServerDAL.cs:行号 1598
   在 TestProject.SqlServerDALTest.GetDataTableTestHelper[T]() 位置 E:\董平\工作\工具集\代码\DPNetFx4\DP\Test\TestProject\SqlServerDALTest.cs:行号 126
   在 TestProject.SqlServerDALTest.GetDataTableTest() 位置 E:\董平\工作\工具集\代码\DPNetFx4\DP\Test\TestProject\SqlServerDALTest.cs:行号 134
</StackTrace>
        </ErrorInfo>
      </Output>
    </UnitTestResult>
    <UnitTestResult executionId="f94a1901-e1e9-45b4-bd3b-127670b177c5" testId="51c3624f-9c95-30d9-5bdc-c70f94fea21e" testName="GetDistinctCountTest" computerName="DP-PC-N56" duration="00:00:03.8912226" startTime="2013-09-12T20:18:49.2956671+08:00" endTime="2013-09-12T20:18:53.1868897+08:00" testType="13cdc9d9-ddb5-4fa4-a97d-d965ccfc6d4b" outcome="Aborted" testListId="8c84fa94-04c1-424b-9868-57a2d4851a1d" relativeResultsDirectory="f94a1901-e1e9-45b4-bd3b-127670b177c5">
    </UnitTestResult>
    <UnitTestResult executionId="00f8fa94-eee9-4756-859e-373960bc5e86" testId="636f92af-068b-04a1-1773-3cb926b2ff91" testName="GetEntityTest" computerName="DP-PC-N56" testType="13cdc9d9-ddb5-4fa4-a97d-d965ccfc6d4b" outcome="NotExecuted" testListId="8c84fa94-04c1-424b-9868-57a2d4851a1d" relativeResultsDirectory="00f8fa94-eee9-4756-859e-373960bc5e86">
    </UnitTestResult>
    <UnitTestResult executionId="16c76daf-bf52-4e8c-b1aa-834f06d0a5ad" testId="555a8f94-e444-db0f-93c7-bd30ab17faac" testName="GetFieldListTest" computerName="DP-PC-N56" testType="13cdc9d9-ddb5-4fa4-a97d-d965ccfc6d4b" outcome="NotExecuted" testListId="8c84fa94-04c1-424b-9868-57a2d4851a1d" relativeResultsDirectory="16c76daf-bf52-4e8c-b1aa-834f06d0a5ad">
    </UnitTestResult>
    <UnitTestResult executionId="a2e19543-3cdb-48d5-a6b4-6036ece81416" testId="9f5f7ff3-0c0d-18e7-8b40-cb5db6f7902b" testName="GetListTest" computerName="DP-PC-N56" testType="13cdc9d9-ddb5-4fa4-a97d-d965ccfc6d4b" outcome="NotExecuted" testListId="8c84fa94-04c1-424b-9868-57a2d4851a1d" relativeResultsDirectory="a2e19543-3cdb-48d5-a6b4-6036ece81416">
    </UnitTestResult>
    <UnitTestResult executionId="2ffc13dc-e6a7-463d-aace-b5a9c2b1dc31" testId="629a0a99-5f86-bbdd-8bb9-f4080a1c922e" testName="GetMaxValueTest" computerName="DP-PC-N56" testType="13cdc9d9-ddb5-4fa4-a97d-d965ccfc6d4b" outcome="NotExecuted" testListId="8c84fa94-04c1-424b-9868-57a2d4851a1d" relativeResultsDirectory="2ffc13dc-e6a7-463d-aace-b5a9c2b1dc31">
    </UnitTestResult>
    <UnitTestResult executionId="ae030c44-6521-4762-a2f9-9694b90ff1f9" testId="212d815c-8868-4c43-9497-bb867c3481b7" testName="GetMinValueTest" computerName="DP-PC-N56" testType="13cdc9d9-ddb5-4fa4-a97d-d965ccfc6d4b" outcome="NotExecuted" testListId="8c84fa94-04c1-424b-9868-57a2d4851a1d" relativeResultsDirectory="ae030c44-6521-4762-a2f9-9694b90ff1f9">
    </UnitTestResult>
    <UnitTestResult executionId="54c66753-b537-44cf-82be-831a39d4dec2" testId="12f8b98d-eeaa-d6fe-52d7-706164283ca8" testName="GetTableListTest" computerName="DP-PC-N56" testType="13cdc9d9-ddb5-4fa4-a97d-d965ccfc6d4b" outcome="NotExecuted" testListId="8c84fa94-04c1-424b-9868-57a2d4851a1d" relativeResultsDirectory="54c66753-b537-44cf-82be-831a39d4dec2">
    </UnitTestResult>
    <UnitTestResult executionId="e268f6fa-e7d5-4e77-ae14-b3141066e48e" testId="96e3e8b9-b2a6-9cc6-96c2-567fe8f4cc8d" testName="GetViewListTest" computerName="DP-PC-N56" testType="13cdc9d9-ddb5-4fa4-a97d-d965ccfc6d4b" outcome="NotExecuted" testListId="8c84fa94-04c1-424b-9868-57a2d4851a1d" relativeResultsDirectory="e268f6fa-e7d5-4e77-ae14-b3141066e48e">
    </UnitTestResult>
    <UnitTestResult executionId="7281f7c0-0e16-4f0e-a042-4b41fe925196" testId="9e9ccbac-2dd4-3963-ed27-5e3f07d10819" testName="InsertTest" computerName="DP-PC-N56" testType="13cdc9d9-ddb5-4fa4-a97d-d965ccfc6d4b" outcome="NotExecuted" testListId="8c84fa94-04c1-424b-9868-57a2d4851a1d" relativeResultsDirectory="7281f7c0-0e16-4f0e-a042-4b41fe925196">
    </UnitTestResult>
    <UnitTestResult executionId="08a90aae-db67-4429-9ec0-79a0b50ee694" testId="1a7096c0-55ce-f7b5-1ff3-55d131ccd438" testName="IsExistTest" computerName="DP-PC-N56" testType="13cdc9d9-ddb5-4fa4-a97d-d965ccfc6d4b" outcome="NotExecuted" testListId="8c84fa94-04c1-424b-9868-57a2d4851a1d" relativeResultsDirectory="08a90aae-db67-4429-9ec0-79a0b50ee694">
    </UnitTestResult>
    <UnitTestResult executionId="b3b9e270-b6fc-49f0-9e2b-5db9aaf7d7ec" testId="ad3e3426-c31f-37a5-b583-028f004957a5" testName="IsExistFieldTest" computerName="DP-PC-N56" testType="13cdc9d9-ddb5-4fa4-a97d-d965ccfc6d4b" outcome="NotExecuted" testListId="8c84fa94-04c1-424b-9868-57a2d4851a1d" relativeResultsDirectory="b3b9e270-b6fc-49f0-9e2b-5db9aaf7d7ec">
    </UnitTestResult>
    <UnitTestResult executionId="cee963ab-27dc-406c-9ba7-a3f0f49490dd" testId="b064bce8-0ede-7e51-5839-ea8217088d4f" testName="IsExistFieldTest1" computerName="DP-PC-N56" testType="13cdc9d9-ddb5-4fa4-a97d-d965ccfc6d4b" outcome="NotExecuted" testListId="8c84fa94-04c1-424b-9868-57a2d4851a1d" relativeResultsDirectory="cee963ab-27dc-406c-9ba7-a3f0f49490dd">
    </UnitTestResult>
    <UnitTestResult executionId="5c50145a-6b66-4983-ab85-daad74d9c402" testId="8712f5df-cbd7-2157-d5ee-22cac4030abb" testName="IsExistTableTest" computerName="DP-PC-N56" testType="13cdc9d9-ddb5-4fa4-a97d-d965ccfc6d4b" outcome="NotExecuted" testListId="8c84fa94-04c1-424b-9868-57a2d4851a1d" relativeResultsDirectory="5c50145a-6b66-4983-ab85-daad74d9c402">
    </UnitTestResult>
    <UnitTestResult executionId="dbcf18a9-f587-418a-bd22-3da96cd69122" testId="71d925c9-4e9a-149b-539b-4baeb34315dd" testName="IsExistTableTest1" computerName="DP-PC-N56" testType="13cdc9d9-ddb5-4fa4-a97d-d965ccfc6d4b" outcome="NotExecuted" testListId="8c84fa94-04c1-424b-9868-57a2d4851a1d" relativeResultsDirectory="dbcf18a9-f587-418a-bd22-3da96cd69122">
    </UnitTestResult>
    <UnitTestResult executionId="2950c379-346a-484a-9e88-0de1ace7e07a" testId="c9d65a59-d922-f48c-9ed7-1f38308a8d26" testName="IsExistViewTest" computerName="DP-PC-N56" testType="13cdc9d9-ddb5-4fa4-a97d-d965ccfc6d4b" outcome="NotExecuted" testListId="8c84fa94-04c1-424b-9868-57a2d4851a1d" relativeResultsDirectory="2950c379-346a-484a-9e88-0de1ace7e07a">
    </UnitTestResult>
    <UnitTestResult executionId="a5bd672b-c970-4577-9e1e-333d324a3ddc" testId="f1511530-148b-6881-fa5c-3ad97baa06a8" testName="IsExistViewTest1" computerName="DP-PC-N56" testType="13cdc9d9-ddb5-4fa4-a97d-d965ccfc6d4b" outcome="NotExecuted" testListId="8c84fa94-04c1-424b-9868-57a2d4851a1d" relativeResultsDirectory="a5bd672b-c970-4577-9e1e-333d324a3ddc">
    </UnitTestResult>
    <UnitTestResult executionId="c77a0f69-8abf-4ce9-b152-2d863652f566" testId="61e2c5a5-927c-4724-8639-f2a8f85faf8b" testName="UpdateTest" computerName="DP-PC-N56" testType="13cdc9d9-ddb5-4fa4-a97d-d965ccfc6d4b" outcome="NotExecuted" testListId="8c84fa94-04c1-424b-9868-57a2d4851a1d" relativeResultsDirectory="c77a0f69-8abf-4ce9-b152-2d863652f566">
    </UnitTestResult>
    <UnitTestResult executionId="08dfa88c-92f4-4d5d-bb07-e24ed85b2389" testId="a1ee8851-f2b3-49f6-efb2-15027b463c47" testName="UpdateTest1" computerName="DP-PC-N56" testType="13cdc9d9-ddb5-4fa4-a97d-d965ccfc6d4b" outcome="NotExecuted" testListId="8c84fa94-04c1-424b-9868-57a2d4851a1d" relativeResultsDirectory="08dfa88c-92f4-4d5d-bb07-e24ed85b2389">
    </UnitTestResult>
    <UnitTestResult executionId="ddd6e3ef-9ed5-4cc2-92c3-211af667444b" testId="24e109b5-ebac-7154-c0d0-91db5c99399f" testName="TestMethod1" computerName="DP-PC-N56" testType="13cdc9d9-ddb5-4fa4-a97d-d965ccfc6d4b" outcome="NotExecuted" testListId="8c84fa94-04c1-424b-9868-57a2d4851a1d" relativeResultsDirectory="ddd6e3ef-9ed5-4cc2-92c3-211af667444b">
    </UnitTestResult>
  </Results>
</TestRun>