<?xml version="1.0" encoding="UTF-8"?>
<TestRun id="9f606d78-0630-4314-8f03-00ec99519158" name="dp@DP-PC-N56 2014-07-20 14:36:37" runUser="dp-PC-N56\dp" xmlns="http://microsoft.com/schemas/VisualStudio/TeamTest/2010">
  <TestSettings name="本地" id="21fc5d89-9aa6-4b8d-942b-50b89e886d9f">
    <Description>这些设置为本地测试运行的默认测试设置。</Description>
    <Deployment enabled="false" runDeploymentRoot="dp_DP-PC-N56 2014-07-20 14_36_37">
      <DeploymentItem filename="E:\董平\工作\工具集\代码\DPNetFx4\DP\Lib\log4net.dll" />
      <DeploymentItem filename="E:\董平\工作\工具集\代码\DPNetFx4\DP\Lib\Ionic.Zip.dll" />
      <DeploymentItem filename="E:\董平\工作\工具集\代码\DPNetFx4\DP\Entity\DP.Entity.Entity\bin\Debug\DP.Entity.Entity.dll" />
      <DeploymentItem filename="E:\董平\工作\工具集\代码\DPNetFx4\DP\Test\TestProject\bin\Debug\NPOI.dll" />
      <DeploymentItem filename="E:\董平\工作\工具集\代码\DPNetFx4\DP\Lib\Enyim.Caching.dll" />
      <DeploymentItem filename="E:\董平\工作\工具集\代码\DPNetFx4\DP\Core\DP\bin\Debug\DP.dll" />
      <DeploymentItem filename="E:\董平\工作\工具集\代码\DPNetFx4\DP\Lib\MemcachedProviders.dll" />
    </Deployment>
    <Execution>
      <TestTypeSpecific />
      <AgentRule name="Execution Agents">
      </AgentRule>
    </Execution>
  </TestSettings>
  <Times creation="2014-07-20T14:36:37.3104856+08:00" queuing="2014-07-20T14:36:44.7099088+08:00" start="2014-07-20T14:36:44.9439222+08:00" finish="2014-07-20T14:37:38.6789957+08:00" />
  <ResultSummary outcome="Error">
    <Counters total="22" executed="1" error="0" failed="0" timeout="0" aborted="1" inconclusive="0" passedButRunAborted="0" notRunnable="0" notExecuted="21" disconnected="0" warning="0" passed="0" completed="0" inProgress="0" pending="0" />
    <RunInfos>
      <RunInfo computerName="DP-PC-N56" outcome="Error" timestamp="2014-07-20T14:37:38.6769956+08:00">
        <Text>测试宿主进程意外退出。</Text>
      </RunInfo>
    </RunInfos>
  </ResultSummary>
  <TestDefinitions>
    <UnitTest name="UpdateTest1" storage="e:\董平\工作\工具集\代码\dpnetfx4\dp\test\testproject\bin\debug\testproject.dll" id="a1ee8851-f2b3-49f6-efb2-15027b463c47">
      <Execution id="6d26828b-dac9-4404-8027-30f5ec826f2e" />
      <TestMethod codeBase="E:/董平/工作/工具集/代码/DPNetFx4/DP/Test/TestProject/bin/Debug/TestProject.DLL" adapterTypeName="Microsoft.VisualStudio.TestTools.TestTypes.Unit.UnitTestAdapter, Microsoft.VisualStudio.QualityTools.Tips.UnitTest.Adapter, Version=10.0.0.0, Culture=neutral, PublicKeyToken=b03f5f7f11d50a3a" className="TestProject.SqlServerDALTest, TestProject, Version=1.0.0.0, Culture=neutral, PublicKeyToken=null" name="UpdateTest1" />
    </UnitTest>
    <UnitTest name="IsExistFieldTest1" storage="e:\董平\工作\工具集\代码\dpnetfx4\dp\test\testproject\bin\debug\testproject.dll" id="b064bce8-0ede-7e51-5839-ea8217088d4f">
      <Execution id="f9d0adb1-47d3-4c9a-9b90-cbda077613c4" />
      <TestMethod codeBase="E:/董平/工作/工具集/代码/DPNetFx4/DP/Test/TestProject/bin/Debug/TestProject.DLL" adapterTypeName="Microsoft.VisualStudio.TestTools.TestTypes.Unit.UnitTestAdapter, Microsoft.VisualStudio.QualityTools.Tips.UnitTest.Adapter, Version=10.0.0.0, Culture=neutral, PublicKeyToken=b03f5f7f11d50a3a" className="TestProject.SqlServerDALTest, TestProject, Version=1.0.0.0, Culture=neutral, PublicKeyToken=null" name="IsExistFieldTest1" />
    </UnitTest>
    <UnitTest name="IsExistTableTest" storage="e:\董平\工作\工具集\代码\dpnetfx4\dp\test\testproject\bin\debug\testproject.dll" id="8712f5df-cbd7-2157-d5ee-22cac4030abb">
      <Execution id="8709a4a5-0d87-48f9-a8f6-70b6e7c9a6ca" />
      <TestMethod codeBase="E:/董平/工作/工具集/代码/DPNetFx4/DP/Test/TestProject/bin/Debug/TestProject.DLL" adapterTypeName="Microsoft.VisualStudio.TestTools.TestTypes.Unit.UnitTestAdapter, Microsoft.VisualStudio.QualityTools.Tips.UnitTest.Adapter, Version=10.0.0.0, Culture=neutral, PublicKeyToken=b03f5f7f11d50a3a" className="TestProject.SqlServerDALTest, TestProject, Version=1.0.0.0, Culture=neutral, PublicKeyToken=null" name="IsExistTableTest" />
    </UnitTest>
    <UnitTest name="TestMethod1" storage="e:\董平\工作\工具集\代码\dpnetfx4\dp\test\testproject\bin\debug\testproject.dll" id="24e109b5-ebac-7154-c0d0-91db5c99399f">
      <Execution id="da498a05-498f-45cb-bfe1-780fed7a2cda" />
      <TestMethod codeBase="E:/董平/工作/工具集/代码/DPNetFx4/DP/Test/TestProject/bin/Debug/TestProject.DLL" adapterTypeName="Microsoft.VisualStudio.TestTools.TestTypes.Unit.UnitTestAdapter, Microsoft.VisualStudio.QualityTools.Tips.UnitTest.Adapter, Version=10.0.0.0, Culture=neutral, PublicKeyToken=b03f5f7f11d50a3a" className="TestProject.UnitTest1, TestProject, Version=1.0.0.0, Culture=neutral, PublicKeyToken=null" name="TestMethod1" />
    </UnitTest>
    <UnitTest name="IsExistViewTest" storage="e:\董平\工作\工具集\代码\dpnetfx4\dp\test\testproject\bin\debug\testproject.dll" id="c9d65a59-d922-f48c-9ed7-1f38308a8d26">
      <Execution id="640b1e10-6b16-4b24-9ac6-fc38a52781cb" />
      <TestMethod codeBase="E:/董平/工作/工具集/代码/DPNetFx4/DP/Test/TestProject/bin/Debug/TestProject.DLL" adapterTypeName="Microsoft.VisualStudio.TestTools.TestTypes.Unit.UnitTestAdapter, Microsoft.VisualStudio.QualityTools.Tips.UnitTest.Adapter, Version=10.0.0.0, Culture=neutral, PublicKeyToken=b03f5f7f11d50a3a" className="TestProject.SqlServerDALTest, TestProject, Version=1.0.0.0, Culture=neutral, PublicKeyToken=null" name="IsExistViewTest" />
    </UnitTest>
    <UnitTest name="GetCountTest" storage="e:\董平\工作\工具集\代码\dpnetfx4\dp\test\testproject\bin\debug\testproject.dll" id="15b456cb-46fc-f542-4821-ad54f2dea22a">
      <Execution id="71776696-42b6-42dd-9a6b-18e7fe9f85ca" />
      <TestMethod codeBase="E:/董平/工作/工具集/代码/DPNetFx4/DP/Test/TestProject/bin/Debug/TestProject.DLL" adapterTypeName="Microsoft.VisualStudio.TestTools.TestTypes.Unit.UnitTestAdapter, Microsoft.VisualStudio.QualityTools.Tips.UnitTest.Adapter, Version=10.0.0.0, Culture=neutral, PublicKeyToken=b03f5f7f11d50a3a" className="TestProject.SqlServerDALTest, TestProject, Version=1.0.0.0, Culture=neutral, PublicKeyToken=null" name="GetCountTest" />
    </UnitTest>
    <UnitTest name="GetViewListTest" storage="e:\董平\工作\工具集\代码\dpnetfx4\dp\test\testproject\bin\debug\testproject.dll" id="96e3e8b9-b2a6-9cc6-96c2-567fe8f4cc8d">
      <Execution id="66e7bc96-9abe-4a99-bec5-59cb991be3b9" />
      <TestMethod codeBase="E:/董平/工作/工具集/代码/DPNetFx4/DP/Test/TestProject/bin/Debug/TestProject.DLL" adapterTypeName="Microsoft.VisualStudio.TestTools.TestTypes.Unit.UnitTestAdapter, Microsoft.VisualStudio.QualityTools.Tips.UnitTest.Adapter, Version=10.0.0.0, Culture=neutral, PublicKeyToken=b03f5f7f11d50a3a" className="TestProject.SqlServerDALTest, TestProject, Version=1.0.0.0, Culture=neutral, PublicKeyToken=null" name="GetViewListTest" />
    </UnitTest>
    <UnitTest name="GetDataTableTest" storage="e:\董平\工作\工具集\代码\dpnetfx4\dp\test\testproject\bin\debug\testproject.dll" id="b27211a8-7ebe-d598-5651-21a9cf5d3e08">
      <Execution id="820ed284-f250-43c6-9578-ca98ea93897a" />
      <TestMethod codeBase="E:/董平/工作/工具集/代码/DPNetFx4/DP/Test/TestProject/bin/Debug/TestProject.DLL" adapterTypeName="Microsoft.VisualStudio.TestTools.TestTypes.Unit.UnitTestAdapter, Microsoft.VisualStudio.QualityTools.Tips.UnitTest.Adapter, Version=10.0.0.0, Culture=neutral, PublicKeyToken=b03f5f7f11d50a3a" className="TestProject.SqlServerDALTest, TestProject, Version=1.0.0.0, Culture=neutral, PublicKeyToken=null" name="GetDataTableTest" />
    </UnitTest>
    <UnitTest name="GetDistinctCountTest" storage="e:\董平\工作\工具集\代码\dpnetfx4\dp\test\testproject\bin\debug\testproject.dll" id="51c3624f-9c95-30d9-5bdc-c70f94fea21e">
      <Execution id="52c0401d-0250-40b1-b662-ed2aef809d07" />
      <TestMethod codeBase="E:/董平/工作/工具集/代码/DPNetFx4/DP/Test/TestProject/bin/Debug/TestProject.DLL" adapterTypeName="Microsoft.VisualStudio.TestTools.TestTypes.Unit.UnitTestAdapter, Microsoft.VisualStudio.QualityTools.Tips.UnitTest.Adapter, Version=10.0.0.0, Culture=neutral, PublicKeyToken=b03f5f7f11d50a3a" className="TestProject.SqlServerDALTest, TestProject, Version=1.0.0.0, Culture=neutral, PublicKeyToken=null" name="GetDistinctCountTest" />
    </UnitTest>
    <UnitTest name="GetMinValueTest" storage="e:\董平\工作\工具集\代码\dpnetfx4\dp\test\testproject\bin\debug\testproject.dll" id="212d815c-8868-4c43-9497-bb867c3481b7">
      <Execution id="05a27722-1520-4114-9dec-80d6f67faeef" />
      <TestMethod codeBase="E:/董平/工作/工具集/代码/DPNetFx4/DP/Test/TestProject/bin/Debug/TestProject.DLL" adapterTypeName="Microsoft.VisualStudio.TestTools.TestTypes.Unit.UnitTestAdapter, Microsoft.VisualStudio.QualityTools.Tips.UnitTest.Adapter, Version=10.0.0.0, Culture=neutral, PublicKeyToken=b03f5f7f11d50a3a" className="TestProject.SqlServerDALTest, TestProject, Version=1.0.0.0, Culture=neutral, PublicKeyToken=null" name="GetMinValueTest" />
    </UnitTest>
    <UnitTest name="IsExistTableTest1" storage="e:\董平\工作\工具集\代码\dpnetfx4\dp\test\testproject\bin\debug\testproject.dll" id="71d925c9-4e9a-149b-539b-4baeb34315dd">
      <Execution id="07997b30-c439-4ffe-9301-54d6bca5126c" />
      <TestMethod codeBase="E:/董平/工作/工具集/代码/DPNetFx4/DP/Test/TestProject/bin/Debug/TestProject.DLL" adapterTypeName="Microsoft.VisualStudio.TestTools.TestTypes.Unit.UnitTestAdapter, Microsoft.VisualStudio.QualityTools.Tips.UnitTest.Adapter, Version=10.0.0.0, Culture=neutral, PublicKeyToken=b03f5f7f11d50a3a" className="TestProject.SqlServerDALTest, TestProject, Version=1.0.0.0, Culture=neutral, PublicKeyToken=null" name="IsExistTableTest1" />
    </UnitTest>
    <UnitTest name="IsExistTest" storage="e:\董平\工作\工具集\代码\dpnetfx4\dp\test\testproject\bin\debug\testproject.dll" id="1a7096c0-55ce-f7b5-1ff3-55d131ccd438">
      <Execution id="37b05997-8e2c-473f-bd09-ad57ca7e8548" />
      <TestMethod codeBase="E:/董平/工作/工具集/代码/DPNetFx4/DP/Test/TestProject/bin/Debug/TestProject.DLL" adapterTypeName="Microsoft.VisualStudio.TestTools.TestTypes.Unit.UnitTestAdapter, Microsoft.VisualStudio.QualityTools.Tips.UnitTest.Adapter, Version=10.0.0.0, Culture=neutral, PublicKeyToken=b03f5f7f11d50a3a" className="TestProject.SqlServerDALTest, TestProject, Version=1.0.0.0, Culture=neutral, PublicKeyToken=null" name="IsExistTest" />
    </UnitTest>
    <UnitTest name="DeleteTest" storage="e:\董平\工作\工具集\代码\dpnetfx4\dp\test\testproject\bin\debug\testproject.dll" id="dc9aab4e-d568-ed24-6d6d-4fd886c3c107">
      <Execution id="7700640a-ee42-40a0-b00a-8c192458c96b" />
      <TestMethod codeBase="E:/董平/工作/工具集/代码/DPNetFx4/DP/Test/TestProject/bin/Debug/TestProject.DLL" adapterTypeName="Microsoft.VisualStudio.TestTools.TestTypes.Unit.UnitTestAdapter, Microsoft.VisualStudio.QualityTools.Tips.UnitTest.Adapter, Version=10.0.0.0, Culture=neutral, PublicKeyToken=b03f5f7f11d50a3a" className="TestProject.SqlServerDALTest, TestProject, Version=1.0.0.0, Culture=neutral, PublicKeyToken=null" name="DeleteTest" />
    </UnitTest>
    <UnitTest name="UpdateTest" storage="e:\董平\工作\工具集\代码\dpnetfx4\dp\test\testproject\bin\debug\testproject.dll" id="61e2c5a5-927c-4724-8639-f2a8f85faf8b">
      <Execution id="16560842-c546-48e5-aff8-bca2ffd3b328" />
      <TestMethod codeBase="E:/董平/工作/工具集/代码/DPNetFx4/DP/Test/TestProject/bin/Debug/TestProject.DLL" adapterTypeName="Microsoft.VisualStudio.TestTools.TestTypes.Unit.UnitTestAdapter, Microsoft.VisualStudio.QualityTools.Tips.UnitTest.Adapter, Version=10.0.0.0, Culture=neutral, PublicKeyToken=b03f5f7f11d50a3a" className="TestProject.SqlServerDALTest, TestProject, Version=1.0.0.0, Culture=neutral, PublicKeyToken=null" name="UpdateTest" />
    </UnitTest>
    <UnitTest name="GetEntityTest" storage="e:\董平\工作\工具集\代码\dpnetfx4\dp\test\testproject\bin\debug\testproject.dll" id="636f92af-068b-04a1-1773-3cb926b2ff91">
      <Execution id="3f956ab5-1d0e-4a66-816d-2bed1c3bae09" />
      <TestMethod codeBase="E:/董平/工作/工具集/代码/DPNetFx4/DP/Test/TestProject/bin/Debug/TestProject.DLL" adapterTypeName="Microsoft.VisualStudio.TestTools.TestTypes.Unit.UnitTestAdapter, Microsoft.VisualStudio.QualityTools.Tips.UnitTest.Adapter, Version=10.0.0.0, Culture=neutral, PublicKeyToken=b03f5f7f11d50a3a" className="TestProject.SqlServerDALTest, TestProject, Version=1.0.0.0, Culture=neutral, PublicKeyToken=null" name="GetEntityTest" />
    </UnitTest>
    <UnitTest name="IsExistViewTest1" storage="e:\董平\工作\工具集\代码\dpnetfx4\dp\test\testproject\bin\debug\testproject.dll" id="f1511530-148b-6881-fa5c-3ad97baa06a8">
      <Execution id="481eb16c-fd05-48af-885f-34111d3f9639" />
      <TestMethod codeBase="E:/董平/工作/工具集/代码/DPNetFx4/DP/Test/TestProject/bin/Debug/TestProject.DLL" adapterTypeName="Microsoft.VisualStudio.TestTools.TestTypes.Unit.UnitTestAdapter, Microsoft.VisualStudio.QualityTools.Tips.UnitTest.Adapter, Version=10.0.0.0, Culture=neutral, PublicKeyToken=b03f5f7f11d50a3a" className="TestProject.SqlServerDALTest, TestProject, Version=1.0.0.0, Culture=neutral, PublicKeyToken=null" name="IsExistViewTest1" />
    </UnitTest>
    <UnitTest name="GetFieldListTest" storage="e:\董平\工作\工具集\代码\dpnetfx4\dp\test\testproject\bin\debug\testproject.dll" id="555a8f94-e444-db0f-93c7-bd30ab17faac">
      <Execution id="9bda4e7a-f86a-4f92-b6be-b9244cbf2814" />
      <TestMethod codeBase="E:/董平/工作/工具集/代码/DPNetFx4/DP/Test/TestProject/bin/Debug/TestProject.DLL" adapterTypeName="Microsoft.VisualStudio.TestTools.TestTypes.Unit.UnitTestAdapter, Microsoft.VisualStudio.QualityTools.Tips.UnitTest.Adapter, Version=10.0.0.0, Culture=neutral, PublicKeyToken=b03f5f7f11d50a3a" className="TestProject.SqlServerDALTest, TestProject, Version=1.0.0.0, Culture=neutral, PublicKeyToken=null" name="GetFieldListTest" />
    </UnitTest>
    <UnitTest name="InsertTest" storage="e:\董平\工作\工具集\代码\dpnetfx4\dp\test\testproject\bin\debug\testproject.dll" id="9e9ccbac-2dd4-3963-ed27-5e3f07d10819">
      <Execution id="da8f53d9-0a0c-4e1a-b8b6-92bba4c1130a" />
      <TestMethod codeBase="E:/董平/工作/工具集/代码/DPNetFx4/DP/Test/TestProject/bin/Debug/TestProject.DLL" adapterTypeName="Microsoft.VisualStudio.TestTools.TestTypes.Unit.UnitTestAdapter, Microsoft.VisualStudio.QualityTools.Tips.UnitTest.Adapter, Version=10.0.0.0, Culture=neutral, PublicKeyToken=b03f5f7f11d50a3a" className="TestProject.SqlServerDALTest, TestProject, Version=1.0.0.0, Culture=neutral, PublicKeyToken=null" name="InsertTest" />
    </UnitTest>
    <UnitTest name="GetTableListTest" storage="e:\董平\工作\工具集\代码\dpnetfx4\dp\test\testproject\bin\debug\testproject.dll" id="12f8b98d-eeaa-d6fe-52d7-706164283ca8">
      <Execution id="dc4132f2-3671-45b2-a135-a987c5a74931" />
      <TestMethod codeBase="E:/董平/工作/工具集/代码/DPNetFx4/DP/Test/TestProject/bin/Debug/TestProject.DLL" adapterTypeName="Microsoft.VisualStudio.TestTools.TestTypes.Unit.UnitTestAdapter, Microsoft.VisualStudio.QualityTools.Tips.UnitTest.Adapter, Version=10.0.0.0, Culture=neutral, PublicKeyToken=b03f5f7f11d50a3a" className="TestProject.SqlServerDALTest, TestProject, Version=1.0.0.0, Culture=neutral, PublicKeyToken=null" name="GetTableListTest" />
    </UnitTest>
    <UnitTest name="GetListTest" storage="e:\董平\工作\工具集\代码\dpnetfx4\dp\test\testproject\bin\debug\testproject.dll" id="9f5f7ff3-0c0d-18e7-8b40-cb5db6f7902b">
      <Execution id="e61d5ed5-806e-4017-be20-4eb1b3a2233c" />
      <TestMethod codeBase="E:/董平/工作/工具集/代码/DPNetFx4/DP/Test/TestProject/bin/Debug/TestProject.DLL" adapterTypeName="Microsoft.VisualStudio.TestTools.TestTypes.Unit.UnitTestAdapter, Microsoft.VisualStudio.QualityTools.Tips.UnitTest.Adapter, Version=10.0.0.0, Culture=neutral, PublicKeyToken=b03f5f7f11d50a3a" className="TestProject.SqlServerDALTest, TestProject, Version=1.0.0.0, Culture=neutral, PublicKeyToken=null" name="GetListTest" />
    </UnitTest>
    <UnitTest name="GetMaxValueTest" storage="e:\董平\工作\工具集\代码\dpnetfx4\dp\test\testproject\bin\debug\testproject.dll" id="629a0a99-5f86-bbdd-8bb9-f4080a1c922e">
      <Execution id="b6d8526e-ba45-4463-91a5-60fd10dd3204" />
      <TestMethod codeBase="E:/董平/工作/工具集/代码/DPNetFx4/DP/Test/TestProject/bin/Debug/TestProject.DLL" adapterTypeName="Microsoft.VisualStudio.TestTools.TestTypes.Unit.UnitTestAdapter, Microsoft.VisualStudio.QualityTools.Tips.UnitTest.Adapter, Version=10.0.0.0, Culture=neutral, PublicKeyToken=b03f5f7f11d50a3a" className="TestProject.SqlServerDALTest, TestProject, Version=1.0.0.0, Culture=neutral, PublicKeyToken=null" name="GetMaxValueTest" />
    </UnitTest>
    <UnitTest name="IsExistFieldTest" storage="e:\董平\工作\工具集\代码\dpnetfx4\dp\test\testproject\bin\debug\testproject.dll" id="ad3e3426-c31f-37a5-b583-028f004957a5">
      <Execution id="74fd7519-d71b-4bc8-b226-98e66cc4fcda" />
      <TestMethod codeBase="E:/董平/工作/工具集/代码/DPNetFx4/DP/Test/TestProject/bin/Debug/TestProject.DLL" adapterTypeName="Microsoft.VisualStudio.TestTools.TestTypes.Unit.UnitTestAdapter, Microsoft.VisualStudio.QualityTools.Tips.UnitTest.Adapter, Version=10.0.0.0, Culture=neutral, PublicKeyToken=b03f5f7f11d50a3a" className="TestProject.SqlServerDALTest, TestProject, Version=1.0.0.0, Culture=neutral, PublicKeyToken=null" name="IsExistFieldTest" />
    </UnitTest>
  </TestDefinitions>
  <TestLists>
    <TestList name="列表中未列出的结果" id="8c84fa94-04c1-424b-9868-57a2d4851a1d" />
    <TestList name="所有已加载的结果" id="19431567-8539-422a-85d7-44ee4e166bda" />
  </TestLists>
  <TestEntries>
    <TestEntry testId="24e109b5-ebac-7154-c0d0-91db5c99399f" executionId="da498a05-498f-45cb-bfe1-780fed7a2cda" testListId="8c84fa94-04c1-424b-9868-57a2d4851a1d" />
    <TestEntry testId="dc9aab4e-d568-ed24-6d6d-4fd886c3c107" executionId="7700640a-ee42-40a0-b00a-8c192458c96b" testListId="8c84fa94-04c1-424b-9868-57a2d4851a1d" />
    <TestEntry testId="15b456cb-46fc-f542-4821-ad54f2dea22a" executionId="71776696-42b6-42dd-9a6b-18e7fe9f85ca" testListId="8c84fa94-04c1-424b-9868-57a2d4851a1d" />
    <TestEntry testId="b27211a8-7ebe-d598-5651-21a9cf5d3e08" executionId="820ed284-f250-43c6-9578-ca98ea93897a" testListId="8c84fa94-04c1-424b-9868-57a2d4851a1d" />
    <TestEntry testId="51c3624f-9c95-30d9-5bdc-c70f94fea21e" executionId="52c0401d-0250-40b1-b662-ed2aef809d07" testListId="8c84fa94-04c1-424b-9868-57a2d4851a1d" />
    <TestEntry testId="636f92af-068b-04a1-1773-3cb926b2ff91" executionId="3f956ab5-1d0e-4a66-816d-2bed1c3bae09" testListId="8c84fa94-04c1-424b-9868-57a2d4851a1d" />
    <TestEntry testId="555a8f94-e444-db0f-93c7-bd30ab17faac" executionId="9bda4e7a-f86a-4f92-b6be-b9244cbf2814" testListId="8c84fa94-04c1-424b-9868-57a2d4851a1d" />
    <TestEntry testId="9f5f7ff3-0c0d-18e7-8b40-cb5db6f7902b" executionId="e61d5ed5-806e-4017-be20-4eb1b3a2233c" testListId="8c84fa94-04c1-424b-9868-57a2d4851a1d" />
    <TestEntry testId="629a0a99-5f86-bbdd-8bb9-f4080a1c922e" executionId="b6d8526e-ba45-4463-91a5-60fd10dd3204" testListId="8c84fa94-04c1-424b-9868-57a2d4851a1d" />
    <TestEntry testId="212d815c-8868-4c43-9497-bb867c3481b7" executionId="05a27722-1520-4114-9dec-80d6f67faeef" testListId="8c84fa94-04c1-424b-9868-57a2d4851a1d" />
    <TestEntry testId="12f8b98d-eeaa-d6fe-52d7-706164283ca8" executionId="dc4132f2-3671-45b2-a135-a987c5a74931" testListId="8c84fa94-04c1-424b-9868-57a2d4851a1d" />
    <TestEntry testId="96e3e8b9-b2a6-9cc6-96c2-567fe8f4cc8d" executionId="66e7bc96-9abe-4a99-bec5-59cb991be3b9" testListId="8c84fa94-04c1-424b-9868-57a2d4851a1d" />
    <TestEntry testId="9e9ccbac-2dd4-3963-ed27-5e3f07d10819" executionId="da8f53d9-0a0c-4e1a-b8b6-92bba4c1130a" testListId="8c84fa94-04c1-424b-9868-57a2d4851a1d" />
    <TestEntry testId="1a7096c0-55ce-f7b5-1ff3-55d131ccd438" executionId="37b05997-8e2c-473f-bd09-ad57ca7e8548" testListId="8c84fa94-04c1-424b-9868-57a2d4851a1d" />
    <TestEntry testId="ad3e3426-c31f-37a5-b583-028f004957a5" executionId="74fd7519-d71b-4bc8-b226-98e66cc4fcda" testListId="8c84fa94-04c1-424b-9868-57a2d4851a1d" />
    <TestEntry testId="b064bce8-0ede-7e51-5839-ea8217088d4f" executionId="f9d0adb1-47d3-4c9a-9b90-cbda077613c4" testListId="8c84fa94-04c1-424b-9868-57a2d4851a1d" />
    <TestEntry testId="8712f5df-cbd7-2157-d5ee-22cac4030abb" executionId="8709a4a5-0d87-48f9-a8f6-70b6e7c9a6ca" testListId="8c84fa94-04c1-424b-9868-57a2d4851a1d" />
    <TestEntry testId="71d925c9-4e9a-149b-539b-4baeb34315dd" executionId="07997b30-c439-4ffe-9301-54d6bca5126c" testListId="8c84fa94-04c1-424b-9868-57a2d4851a1d" />
    <TestEntry testId="c9d65a59-d922-f48c-9ed7-1f38308a8d26" executionId="640b1e10-6b16-4b24-9ac6-fc38a52781cb" testListId="8c84fa94-04c1-424b-9868-57a2d4851a1d" />
    <TestEntry testId="f1511530-148b-6881-fa5c-3ad97baa06a8" executionId="481eb16c-fd05-48af-885f-34111d3f9639" testListId="8c84fa94-04c1-424b-9868-57a2d4851a1d" />
    <TestEntry testId="61e2c5a5-927c-4724-8639-f2a8f85faf8b" executionId="16560842-c546-48e5-aff8-bca2ffd3b328" testListId="8c84fa94-04c1-424b-9868-57a2d4851a1d" />
    <TestEntry testId="a1ee8851-f2b3-49f6-efb2-15027b463c47" executionId="6d26828b-dac9-4404-8027-30f5ec826f2e" testListId="8c84fa94-04c1-424b-9868-57a2d4851a1d" />
  </TestEntries>
  <Results>
    <UnitTestResult executionId="da498a05-498f-45cb-bfe1-780fed7a2cda" testId="24e109b5-ebac-7154-c0d0-91db5c99399f" testName="TestMethod1" computerName="DP-PC-N56" duration="00:00:53.4580576" startTime="2014-07-20T14:36:45.2199380+08:00" endTime="2014-07-20T14:37:38.6779956+08:00" testType="13cdc9d9-ddb5-4fa4-a97d-d965ccfc6d4b" outcome="Aborted" testListId="8c84fa94-04c1-424b-9868-57a2d4851a1d" relativeResultsDirectory="da498a05-498f-45cb-bfe1-780fed7a2cda">
    </UnitTestResult>
    <UnitTestResult executionId="7700640a-ee42-40a0-b00a-8c192458c96b" testId="dc9aab4e-d568-ed24-6d6d-4fd886c3c107" testName="DeleteTest" computerName="DP-PC-N56" testType="13cdc9d9-ddb5-4fa4-a97d-d965ccfc6d4b" outcome="NotExecuted" testListId="8c84fa94-04c1-424b-9868-57a2d4851a1d" relativeResultsDirectory="7700640a-ee42-40a0-b00a-8c192458c96b">
    </UnitTestResult>
    <UnitTestResult executionId="71776696-42b6-42dd-9a6b-18e7fe9f85ca" testId="15b456cb-46fc-f542-4821-ad54f2dea22a" testName="GetCountTest" computerName="DP-PC-N56" testType="13cdc9d9-ddb5-4fa4-a97d-d965ccfc6d4b" outcome="NotExecuted" testListId="8c84fa94-04c1-424b-9868-57a2d4851a1d" relativeResultsDirectory="71776696-42b6-42dd-9a6b-18e7fe9f85ca">
    </UnitTestResult>
    <UnitTestResult executionId="820ed284-f250-43c6-9578-ca98ea93897a" testId="b27211a8-7ebe-d598-5651-21a9cf5d3e08" testName="GetDataTableTest" computerName="DP-PC-N56" testType="13cdc9d9-ddb5-4fa4-a97d-d965ccfc6d4b" outcome="NotExecuted" testListId="8c84fa94-04c1-424b-9868-57a2d4851a1d" relativeResultsDirectory="820ed284-f250-43c6-9578-ca98ea93897a">
    </UnitTestResult>
    <UnitTestResult executionId="52c0401d-0250-40b1-b662-ed2aef809d07" testId="51c3624f-9c95-30d9-5bdc-c70f94fea21e" testName="GetDistinctCountTest" computerName="DP-PC-N56" testType="13cdc9d9-ddb5-4fa4-a97d-d965ccfc6d4b" outcome="NotExecuted" testListId="8c84fa94-04c1-424b-9868-57a2d4851a1d" relativeResultsDirectory="52c0401d-0250-40b1-b662-ed2aef809d07">
    </UnitTestResult>
    <UnitTestResult executionId="3f956ab5-1d0e-4a66-816d-2bed1c3bae09" testId="636f92af-068b-04a1-1773-3cb926b2ff91" testName="GetEntityTest" computerName="DP-PC-N56" testType="13cdc9d9-ddb5-4fa4-a97d-d965ccfc6d4b" outcome="NotExecuted" testListId="8c84fa94-04c1-424b-9868-57a2d4851a1d" relativeResultsDirectory="3f956ab5-1d0e-4a66-816d-2bed1c3bae09">
    </UnitTestResult>
    <UnitTestResult executionId="9bda4e7a-f86a-4f92-b6be-b9244cbf2814" testId="555a8f94-e444-db0f-93c7-bd30ab17faac" testName="GetFieldListTest" computerName="DP-PC-N56" testType="13cdc9d9-ddb5-4fa4-a97d-d965ccfc6d4b" outcome="NotExecuted" testListId="8c84fa94-04c1-424b-9868-57a2d4851a1d" relativeResultsDirectory="9bda4e7a-f86a-4f92-b6be-b9244cbf2814">
    </UnitTestResult>
    <UnitTestResult executionId="e61d5ed5-806e-4017-be20-4eb1b3a2233c" testId="9f5f7ff3-0c0d-18e7-8b40-cb5db6f7902b" testName="GetListTest" computerName="DP-PC-N56" testType="13cdc9d9-ddb5-4fa4-a97d-d965ccfc6d4b" outcome="NotExecuted" testListId="8c84fa94-04c1-424b-9868-57a2d4851a1d" relativeResultsDirectory="e61d5ed5-806e-4017-be20-4eb1b3a2233c">
    </UnitTestResult>
    <UnitTestResult executionId="b6d8526e-ba45-4463-91a5-60fd10dd3204" testId="629a0a99-5f86-bbdd-8bb9-f4080a1c922e" testName="GetMaxValueTest" computerName="DP-PC-N56" testType="13cdc9d9-ddb5-4fa4-a97d-d965ccfc6d4b" outcome="NotExecuted" testListId="8c84fa94-04c1-424b-9868-57a2d4851a1d" relativeResultsDirectory="b6d8526e-ba45-4463-91a5-60fd10dd3204">
    </UnitTestResult>
    <UnitTestResult executionId="05a27722-1520-4114-9dec-80d6f67faeef" testId="212d815c-8868-4c43-9497-bb867c3481b7" testName="GetMinValueTest" computerName="DP-PC-N56" testType="13cdc9d9-ddb5-4fa4-a97d-d965ccfc6d4b" outcome="NotExecuted" testListId="8c84fa94-04c1-424b-9868-57a2d4851a1d" relativeResultsDirectory="05a27722-1520-4114-9dec-80d6f67faeef">
    </UnitTestResult>
    <UnitTestResult executionId="dc4132f2-3671-45b2-a135-a987c5a74931" testId="12f8b98d-eeaa-d6fe-52d7-706164283ca8" testName="GetTableListTest" computerName="DP-PC-N56" testType="13cdc9d9-ddb5-4fa4-a97d-d965ccfc6d4b" outcome="NotExecuted" testListId="8c84fa94-04c1-424b-9868-57a2d4851a1d" relativeResultsDirectory="dc4132f2-3671-45b2-a135-a987c5a74931">
    </UnitTestResult>
    <UnitTestResult executionId="66e7bc96-9abe-4a99-bec5-59cb991be3b9" testId="96e3e8b9-b2a6-9cc6-96c2-567fe8f4cc8d" testName="GetViewListTest" computerName="DP-PC-N56" testType="13cdc9d9-ddb5-4fa4-a97d-d965ccfc6d4b" outcome="NotExecuted" testListId="8c84fa94-04c1-424b-9868-57a2d4851a1d" relativeResultsDirectory="66e7bc96-9abe-4a99-bec5-59cb991be3b9">
    </UnitTestResult>
    <UnitTestResult executionId="da8f53d9-0a0c-4e1a-b8b6-92bba4c1130a" testId="9e9ccbac-2dd4-3963-ed27-5e3f07d10819" testName="InsertTest" computerName="DP-PC-N56" testType="13cdc9d9-ddb5-4fa4-a97d-d965ccfc6d4b" outcome="NotExecuted" testListId="8c84fa94-04c1-424b-9868-57a2d4851a1d" relativeResultsDirectory="da8f53d9-0a0c-4e1a-b8b6-92bba4c1130a">
    </UnitTestResult>
    <UnitTestResult executionId="37b05997-8e2c-473f-bd09-ad57ca7e8548" testId="1a7096c0-55ce-f7b5-1ff3-55d131ccd438" testName="IsExistTest" computerName="DP-PC-N56" testType="13cdc9d9-ddb5-4fa4-a97d-d965ccfc6d4b" outcome="NotExecuted" testListId="8c84fa94-04c1-424b-9868-57a2d4851a1d" relativeResultsDirectory="37b05997-8e2c-473f-bd09-ad57ca7e8548">
    </UnitTestResult>
    <UnitTestResult executionId="74fd7519-d71b-4bc8-b226-98e66cc4fcda" testId="ad3e3426-c31f-37a5-b583-028f004957a5" testName="IsExistFieldTest" computerName="DP-PC-N56" testType="13cdc9d9-ddb5-4fa4-a97d-d965ccfc6d4b" outcome="NotExecuted" testListId="8c84fa94-04c1-424b-9868-57a2d4851a1d" relativeResultsDirectory="74fd7519-d71b-4bc8-b226-98e66cc4fcda">
    </UnitTestResult>
    <UnitTestResult executionId="f9d0adb1-47d3-4c9a-9b90-cbda077613c4" testId="b064bce8-0ede-7e51-5839-ea8217088d4f" testName="IsExistFieldTest1" computerName="DP-PC-N56" testType="13cdc9d9-ddb5-4fa4-a97d-d965ccfc6d4b" outcome="NotExecuted" testListId="8c84fa94-04c1-424b-9868-57a2d4851a1d" relativeResultsDirectory="f9d0adb1-47d3-4c9a-9b90-cbda077613c4">
    </UnitTestResult>
    <UnitTestResult executionId="8709a4a5-0d87-48f9-a8f6-70b6e7c9a6ca" testId="8712f5df-cbd7-2157-d5ee-22cac4030abb" testName="IsExistTableTest" computerName="DP-PC-N56" testType="13cdc9d9-ddb5-4fa4-a97d-d965ccfc6d4b" outcome="NotExecuted" testListId="8c84fa94-04c1-424b-9868-57a2d4851a1d" relativeResultsDirectory="8709a4a5-0d87-48f9-a8f6-70b6e7c9a6ca">
    </UnitTestResult>
    <UnitTestResult executionId="07997b30-c439-4ffe-9301-54d6bca5126c" testId="71d925c9-4e9a-149b-539b-4baeb34315dd" testName="IsExistTableTest1" computerName="DP-PC-N56" testType="13cdc9d9-ddb5-4fa4-a97d-d965ccfc6d4b" outcome="NotExecuted" testListId="8c84fa94-04c1-424b-9868-57a2d4851a1d" relativeResultsDirectory="07997b30-c439-4ffe-9301-54d6bca5126c">
    </UnitTestResult>
    <UnitTestResult executionId="640b1e10-6b16-4b24-9ac6-fc38a52781cb" testId="c9d65a59-d922-f48c-9ed7-1f38308a8d26" testName="IsExistViewTest" computerName="DP-PC-N56" testType="13cdc9d9-ddb5-4fa4-a97d-d965ccfc6d4b" outcome="NotExecuted" testListId="8c84fa94-04c1-424b-9868-57a2d4851a1d" relativeResultsDirectory="640b1e10-6b16-4b24-9ac6-fc38a52781cb">
    </UnitTestResult>
    <UnitTestResult executionId="481eb16c-fd05-48af-885f-34111d3f9639" testId="f1511530-148b-6881-fa5c-3ad97baa06a8" testName="IsExistViewTest1" computerName="DP-PC-N56" testType="13cdc9d9-ddb5-4fa4-a97d-d965ccfc6d4b" outcome="NotExecuted" testListId="8c84fa94-04c1-424b-9868-57a2d4851a1d" relativeResultsDirectory="481eb16c-fd05-48af-885f-34111d3f9639">
    </UnitTestResult>
    <UnitTestResult executionId="16560842-c546-48e5-aff8-bca2ffd3b328" testId="61e2c5a5-927c-4724-8639-f2a8f85faf8b" testName="UpdateTest" computerName="DP-PC-N56" testType="13cdc9d9-ddb5-4fa4-a97d-d965ccfc6d4b" outcome="NotExecuted" testListId="8c84fa94-04c1-424b-9868-57a2d4851a1d" relativeResultsDirectory="16560842-c546-48e5-aff8-bca2ffd3b328">
    </UnitTestResult>
    <UnitTestResult executionId="6d26828b-dac9-4404-8027-30f5ec826f2e" testId="a1ee8851-f2b3-49f6-efb2-15027b463c47" testName="UpdateTest1" computerName="DP-PC-N56" testType="13cdc9d9-ddb5-4fa4-a97d-d965ccfc6d4b" outcome="NotExecuted" testListId="8c84fa94-04c1-424b-9868-57a2d4851a1d" relativeResultsDirectory="6d26828b-dac9-4404-8027-30f5ec826f2e">
    </UnitTestResult>
  </Results>
</TestRun>