<?xml version="1.0" encoding="UTF-8"?>
<TestRun id="0bd265d7-1aa0-4752-af27-c4fc0ea0083e" name="dp@DP-PC-N56 2015-02-09 23:20:12" runUser="dp-PC-N56\dp" xmlns="http://microsoft.com/schemas/VisualStudio/TeamTest/2010">
  <TestSettings name="本地" id="21fc5d89-9aa6-4b8d-942b-50b89e886d9f">
    <Description>这些设置为本地测试运行的默认测试设置。</Description>
    <Deployment enabled="false" runDeploymentRoot="dp_DP-PC-N56 2015-02-09 23_20_12">
      <DeploymentItem filename="E:\董平\工作\工具集\代码\DPNetFx4\DP\Lib\log4net.dll" />
      <DeploymentItem filename="E:\董平\工作\工具集\代码\DPNetFx4\DP\Lib\Ionic.Zip.dll" />
      <DeploymentItem filename="E:\董平\工作\工具集\代码\DPNetFx4\DP\Entity\DP.Entity.Entity\bin\Debug\DP.Entity.Entity.dll" />
      <DeploymentItem filename="E:\董平\工作\工具集\代码\DPNetFx4\DP\Test\Core.DP.Test\bin\Debug\NPOI.dll" />
      <DeploymentItem filename="E:\董平\工作\工具集\代码\DPNetFx4\DP\Lib\Enyim.Caching.dll" />
      <DeploymentItem filename="E:\董平\工作\工具集\代码\DPNetFx4\DP\Core\DP\bin\Debug\DP.dll" />
      <DeploymentItem filename="E:\董平\工作\工具集\代码\DPNetFx4\DP\Lib\MemcachedProviders.dll" />
    </Deployment>
    <Execution>
      <TestTypeSpecific />
      <AgentRule name="Execution Agents">
      </AgentRule>
    </Execution>
  </TestSettings>
  <Times creation="2015-02-09T23:20:12.0900913+08:00" queuing="2015-02-09T23:20:12.1237170+08:00" start="2015-02-09T23:20:12.1314571+08:00" finish="2015-02-09T23:20:12.5705670+08:00" />
  <ResultSummary outcome="Failed">
    <Counters total="1" executed="1" error="0" failed="1" timeout="0" aborted="0" inconclusive="0" passedButRunAborted="0" notRunnable="0" notExecuted="0" disconnected="0" warning="0" passed="0" completed="0" inProgress="0" pending="0" />
  </ResultSummary>
  <TestDefinitions>
    <UnitTest name="GetListTest_User" storage="e:\董平\工作\工具集\代码\dpnetfx4\dp\test\core.dp.test\bin\debug\core.dp.test.dll" id="32a3eac1-2981-d5d6-30d7-a3d2a9c7cc80">
      <Execution id="be548326-0aea-4132-8da9-85d926b4e2d1" />
      <TestMethod codeBase="E:/董平/工作/工具集/代码/DPNetFx4/DP/Test/Core.DP.Test/bin/Debug/Core.DP.Test.DLL" adapterTypeName="Microsoft.VisualStudio.TestTools.TestTypes.Unit.UnitTestAdapter, Microsoft.VisualStudio.QualityTools.Tips.UnitTest.Adapter, Version=10.0.0.0, Culture=neutral, PublicKeyToken=b03f5f7f11d50a3a" className="Core.DP.Test.SqlServerDALTest, Core.DP.Test, Version=1.0.0.0, Culture=neutral, PublicKeyToken=null" name="GetListTest_User" />
    </UnitTest>
  </TestDefinitions>
  <TestLists>
    <TestList name="列表中未列出的结果" id="8c84fa94-04c1-424b-9868-57a2d4851a1d" />
    <TestList name="所有已加载的结果" id="19431567-8539-422a-85d7-44ee4e166bda" />
  </TestLists>
  <TestEntries>
    <TestEntry testId="32a3eac1-2981-d5d6-30d7-a3d2a9c7cc80" executionId="be548326-0aea-4132-8da9-85d926b4e2d1" testListId="8c84fa94-04c1-424b-9868-57a2d4851a1d" />
  </TestEntries>
  <Results>
    <UnitTestResult executionId="be548326-0aea-4132-8da9-85d926b4e2d1" testId="32a3eac1-2981-d5d6-30d7-a3d2a9c7cc80" testName="GetListTest_User" computerName="DP-PC-N56" duration="00:00:00.1386405" startTime="2015-02-09T23:20:12.1367024+08:00" endTime="2015-02-09T23:20:12.5218397+08:00" testType="13cdc9d9-ddb5-4fa4-a97d-d965ccfc6d4b" outcome="Failed" testListId="8c84fa94-04c1-424b-9868-57a2d4851a1d" relativeResultsDirectory="be548326-0aea-4132-8da9-85d926b4e2d1">
      <Output>
        <ErrorInfo>
          <Message>测试方法 Core.DP.Test.SqlServerDALTest.GetListTest_User 引发了异常: 
System.InvalidOperationException: ConnectionString 属性尚未初始化。</Message>
          <StackTrace>    在 System.Data.SqlClient.SqlConnection.PermissionDemand()
   在 System.Data.SqlClient.SqlConnectionFactory.PermissionDemand(DbConnection outerConnection)
   在 System.Data.ProviderBase.DbConnectionInternal.TryOpenConnectionInternal(DbConnection outerConnection, DbConnectionFactory connectionFactory, TaskCompletionSource`1 retry, DbConnectionOptions userOptions)
   在 System.Data.ProviderBase.DbConnectionClosed.TryOpenConnection(DbConnection outerConnection, DbConnectionFactory connectionFactory, TaskCompletionSource`1 retry, DbConnectionOptions userOptions)
   在 System.Data.SqlClient.SqlConnection.TryOpenInner(TaskCompletionSource`1 retry)
   在 System.Data.SqlClient.SqlConnection.TryOpen(TaskCompletionSource`1 retry)
   在 System.Data.SqlClient.SqlConnection.Open()
   在 DP.Data.SqlClient.SqlHelper.PrepareCommand(SqlCommand cmd, SqlConnection conn, SqlTransaction trans, CommandType cmdType, String cmdText, DbParameter[] cmdParms) 位置 E:\董平\工作\工具集\代码\DPNetFx4\DP\Core\DP\Data\SqlClient\SqlHelper.cs:行号 899
   在 DP.Data.SqlClient.SqlHelper.ExecuteReader(String connectionString, CommandType cmdType, String cmdText, DbParameter[] commandParameters) 位置 E:\董平\工作\工具集\代码\DPNetFx4\DP\Core\DP\Data\SqlClient\SqlHelper.cs:行号 546
   在 DP.Data.SqlClient.SqlServerDAL.GetEntity[T](List`1 conditions, String tableName) 位置 E:\董平\工作\工具集\代码\DPNetFx4\DP\Core\DP\Data\SqlClient\SqlServerDAL.cs:行号 1320
   在 DP.Data.SqlClient.SqlServerDAL.GetEntity[T](String Field, String Value, String tableName) 位置 E:\董平\工作\工具集\代码\DPNetFx4\DP\Core\DP\Data\SqlClient\SqlServerDAL.cs:行号 1340
   在 DP.Data.SqlClient.SqlServerDAL.GetEntity[T](String Field, String Value) 位置 E:\董平\工作\工具集\代码\DPNetFx4\DP\Core\DP\Data\SqlClient\SqlServerDAL.cs:行号 1284
   在 Core.DP.Test.SqlServerDALTest.GetListTest_User() 位置 E:\董平\工作\工具集\代码\DPNetFx4\DP\Test\Core.DP.Test\SqlServerDALTest.cs:行号 80
</StackTrace>
        </ErrorInfo>
      </Output>
    </UnitTestResult>
  </Results>
</TestRun>